Archive member included to satisfy reference by file (symbol)

C:/devkitPro/libctru/lib\libctru.a(console.o)
                              main.o (consoleInit)
C:/devkitPro/libctru/lib\libctru.a(gfx.o)
                              C:/devkitPro/libctru/lib\libctru.a(console.o) (gfxIsWide)
C:/devkitPro/libctru/lib\libctru.a(gspgpu.o)
                              C:/devkitPro/libctru/lib\libctru.a(gfx.o) (gspInit)
C:/devkitPro/libctru/lib\libctru.a(apt.o)
                              main.o (aptMainLoop)
C:/devkitPro/libctru/lib\libctru.a(hid.o)
                              main.o (hidScanInput)
C:/devkitPro/libctru/lib\libctru.a(ctru_init.o)
                              C:/devkitPro/libctru/lib\libctru.a(apt.o) (__system_retAddr)
C:/devkitPro/libctru/lib\libctru.a(initArgv.o)
                              C:/devkitPro/libctru/lib\libctru.a(ctru_init.o) (__system_initArgv)
C:/devkitPro/libctru/lib\libctru.a(svc.o)
                              C:/devkitPro/libctru/lib\libctru.a(apt.o) (svcSleepThread)
C:/devkitPro/libctru/lib\libctru.a(stack_adjust.o)
                              c:/devkitpro/devkitarm/bin/../lib/gcc/arm-none-eabi/11.2.0/../../../../arm-none-eabi/lib/armv6k/fpu/3dsx_crt0.o (initSystem)
C:/devkitPro/libctru/lib\libctru.a(default_font.bin.o)
                              C:/devkitPro/libctru/lib\libctru.a(console.o) (default_font_bin)
C:/devkitPro/libctru/lib\libctru.a(vram.o)
                              C:/devkitPro/libctru/lib\libctru.a(gfx.o) (vramAlloc)
C:/devkitPro/libctru/lib\libctru.a(linear.o)
                              C:/devkitPro/libctru/lib\libctru.a(gfx.o) (linearAlloc)
C:/devkitPro/libctru/lib\libctru.a(mem_pool.o)
                              C:/devkitPro/libctru/lib\libctru.a(vram.o) (MemPool::Allocate(MemChunk&, unsigned long, int))
C:/devkitPro/libctru/lib\libctru.a(synchronization.o)
                              C:/devkitPro/libctru/lib\libctru.a(ctru_init.o) (__sync_init)
C:/devkitPro/libctru/lib\libctru.a(os.o)
                              C:/devkitPro/libctru/lib\libctru.a(apt.o) (__ctru_speedup_config)
C:/devkitPro/libctru/lib\libctru.a(3dslink.o)
                              C:/devkitPro/libctru/lib\libctru.a(initArgv.o) (__3dslink_host)
C:/devkitPro/libctru/lib\libctru.a(srv.o)
                              C:/devkitPro/libctru/lib\libctru.a(apt.o) (srvInit)
C:/devkitPro/libctru/lib\libctru.a(thread.o)
                              C:/devkitPro/libctru/lib\libctru.a(gspgpu.o) (threadCreate)
C:/devkitPro/libctru/lib\libctru.a(mappable.o)
                              C:/devkitPro/libctru/lib\libctru.a(gspgpu.o) (mappableAlloc)
C:/devkitPro/libctru/lib\libctru.a(irrst.o)
                              C:/devkitPro/libctru/lib\libctru.a(hid.o) (irrstInit)
C:/devkitPro/libctru/lib\libctru.a(srvpm.o)
                              C:/devkitPro/libctru/lib\libctru.a(srv.o) (srvPmGetSessionHandle)
C:/devkitPro/libctru/lib\libctru.a(ptmsysm.o)
                              C:/devkitPro/libctru/lib\libctru.a(os.o) (ptmSysmInit)
C:/devkitPro/libctru/lib\libctru.a(soc_socket.o)
                              C:/devkitPro/libctru/lib\libctru.a(3dslink.o) (socket)
C:/devkitPro/libctru/lib\libctru.a(soc_connect.o)
                              C:/devkitPro/libctru/lib\libctru.a(3dslink.o) (connect)
C:/devkitPro/libctru/lib\libctru.a(soc_common.o)
                              C:/devkitPro/libctru/lib\libctru.a(soc_socket.o) (_net_convert_error)
C:/devkitPro/libctru/lib\libctru.a(rbtree_init.o)
                              C:/devkitPro/libctru/lib\libctru.a(vram.o) (rbtree_init)
C:/devkitPro/libctru/lib\libctru.a(rbtree_insert.o)
                              C:/devkitPro/libctru/lib\libctru.a(vram.o) (rbtree_insert)
C:/devkitPro/libctru/lib\libctru.a(rbtree_rotate.o)
                              C:/devkitPro/libctru/lib\libctru.a(rbtree_insert.o) (rbtree_rotate)
C:/devkitPro/libctru/lib\libctru.a(rbtree_remove.o)
                              C:/devkitPro/libctru/lib\libctru.a(vram.o) (rbtree_remove)
C:/devkitPro/libctru/lib\libctru.a(rbtree_find.o)
                              C:/devkitPro/libctru/lib\libctru.a(vram.o) (rbtree_find)
C:/devkitPro/libctru/lib\libctru.a(appInit.o)
                              C:/devkitPro/libctru/lib\libctru.a(stack_adjust.o) (__appInit)
C:/devkitPro/libctru/lib\libctru.a(syscalls.o)
                              C:/devkitPro/libctru/lib\libctru.a(ctru_init.o) (__system_initSyscalls)
C:/devkitPro/libctru/lib\libctru.a(allocateHeaps.o)
                              C:/devkitPro/libctru/lib\libctru.a(ctru_init.o) (__system_allocateHeaps)
C:/devkitPro/libctru/lib\libctru.a(appExit.o)
                              C:/devkitPro/libctru/lib\libctru.a(stack_adjust.o) (__appExit)
C:/devkitPro/libctru/lib\libctru.a(ctru_exit.o)
                              C:/devkitPro/libctru/lib\libctru.a(stack_adjust.o) (__libctru_exit)
C:/devkitPro/libctru/lib\libctru.a(env.o)
[...]
Memory Configuration

Name             Origin             Length             Attributes
*default*        0x0000000000000000 0xffffffffffffffff

Linker script and memory map

                0x0000000000100000                PROVIDE (__start__ = 0x100000)
                0x0000000000100000                . = __start__

.text           0x0000000000100000    0x1d54c
 *(.crt0)
 .crt0          0x0000000000100000       0x94 c:/devkitpro/devkitarm/bin/../lib/gcc/arm-none-eabi/11.2.0/../../../../arm-none-eabi/lib/armv6k/fpu/3dsx_crt0.o
                0x0000000000100000                _start
                0x0000000000100008                __service_ptr
                0x000000000010000c                __apt_appid
                0x0000000000100010                __heap_size
                0x0000000000100014                __linear_heap_size
                0x0000000000100018                __system_arglist
                0x000000000010001c                __system_runflags
 *(.init)
 .init          0x0000000000100094        0xc c:/devkitpro/devkitarm/bin/../lib/gcc/arm-none-eabi/11.2.0/armv6k/fpu/crti.o
                0x0000000000100094                _init
 .init          0x00000000001000a0        0xc c:/devkitpro/devkitarm/bin/../lib/gcc/arm-none-eabi/11.2.0/armv6k/fpu/crtn.o
                0x00000000001000ac                . = ALIGN (0x4)
 *(.text)
 .text          0x00000000001000ac      0x240 c:/devkitpro/devkitarm/bin/../lib/gcc/arm-none-eabi/11.2.0/armv6k/fpu\libgcc.a(_divsi3.o)
                0x00000000001000ac                __divsi3
                0x00000000001000ac                __aeabi_idiv
                0x00000000001002cc                __aeabi_idivmod
 .text          0x00000000001002ec        0x4 c:/devkitpro/devkitarm/bin/../lib/gcc/arm-none-eabi/11.2.0/armv6k/fpu\libgcc.a(_dvmd_tls.o)
                0x00000000001002ec                __aeabi_idiv0
                0x00000000001002ec                __aeabi_ldiv0
 .text          0x00000000001002f0       0x3c c:/devkitpro/devkitarm/bin/../lib/gcc/arm-none-eabi/11.2.0/armv6k/fpu\libgcc.a(_aeabi_uldivmod.o)
                0x00000000001002f0                __aeabi_uldivmod
 *fill*         0x000000000010032c       0x14 
 .text          0x0000000000100340      0x390 c:/devkitpro/devkitarm/bin/../lib/gcc/arm-none-eabi/11.2.0/../../../../arm-none-eabi/lib/armv6k/fpu\libg.a(lib_a-strcmp.o)
                0x0000000000100348                strcmp
 .text          0x00000000001006d0      0x20c c:/devkitpro/devkitarm/bin/../lib/gcc/arm-none-eabi/11.2.0/armv6k/fpu\libgcc.a(_udivsi3.o)
                0x00000000001006d0                __aeabi_uidiv
                0x00000000001006d0                __udivsi3
                0x00000000001008bc                __aeabi_uidivmod
 .text          0x00000000001008dc      0x3c0 c:/devkitpro/devkitarm/bin/../lib/gcc/arm-none-eabi/11.2.0/armv6k/fpu\libgcc.a(_arm_addsubdf3.o)
                0x00000000001008dc                __aeabi_drsub
                0x00000000001008e4                __aeabi_dsub
                0x00000000001008e4                __subdf3
                0x00000000001008e8                __aeabi_dadd
                0x00000000001008e8                __adddf3
                0x0000000000100b94                __floatunsidf
                0x0000000000100b94                __aeabi_ui2d
                0x0000000000100bb8                __floatsidf
                0x0000000000100bb8                __aeabi_i2d
                0x0000000000100be0                __aeabi_f2d
                0x0000000000100be0                __extendsfdf2
                0x0000000000100c28                __floatundidf
                0x0000000000100c28                __aeabi_ul2d
                0x0000000000100c3c                __floatdidf
                0x0000000000100c3c                __aeabi_l2d
 *(.text.*)
 .text.__do_global_dtors_aux
                0x0000000000100c9c       0x40 c:/devkitpro/devkitarm/bin/../lib/gcc/arm-none-eabi/11.2.0/armv6k/fpu/crtbegin.o
 .text.frame_dummy
                0x0000000000100cdc       0x2c c:/devkitpro/devkitarm/bin/../lib/gcc/arm-none-eabi/11.2.0/armv6k/fpu/crtbegin.o
 .text.startup.main
                0x0000000000100d08       0x5c main.o
                0x0000000000100d08                main
 .text.parseColor
                0x0000000000100d64      0x204 C:/devkitPro/libctru/lib\libctru.a(console.o)
 .text.consoleDrawChar
                0x0000000000100f68      0x1ac C:/devkitPro/libctru/lib\libctru.a(console.o)
                0x0000000000100f68                consoleDrawChar
 .text.consolePrintChar
                0x0000000000101114      0x124 C:/devkitPro/libctru/lib\libctru.a(console.o)
                0x0000000000101114                consolePrintChar
 .text.con_write
                0x0000000000101238      0xb00 C:/devkitPro/libctru/lib\libctru.a(console.o)
                0x0000000000101238                con_write
 .text.newRow   0x0000000000101d38       0xf4 C:/devkitPro/libctru/lib\libctru.a(console.o)
 .text.consoleInit
                0x0000000000101e2c      0x168 C:/devkitPro/libctru/lib\libctru.a(console.o)
                0x0000000000101e2c                consoleInit
 .text.gfxPresentFramebuffer
                0x0000000000101f94       0xd0 C:/devkitPro/libctru/lib\libctru.a(gfx.o)
 .text.gfxIsWide
                0x0000000000102064       0x1c C:/devkitPro/libctru/lib\libctru.a(gfx.o)
                0x0000000000102064                gfxIsWide
 .text.gfxSetScreenFormat
                0x0000000000102080       0xec C:/devkitPro/libctru/lib\libctru.a(gfx.o)
                0x0000000000102080                gfxSetScreenFormat
 .text.gfxSetDoubleBuffering
                0x000000000010216c       0x10 C:/devkitPro/libctru/lib\libctru.a(gfx.o)
                0x000000000010216c                gfxSetDoubleBuffering
 .text.gfxInit  0x000000000010217c       0xe8 C:/devkitPro/libctru/lib\libctru.a(gfx.o)
                0x000000000010217c                gfxInit
 .text.gfxInitDefault
                0x0000000000102264       0x10 C:/devkitPro/libctru/lib\libctru.a(gfx.o)
                0x0000000000102264                gfxInitDefault
 .text.gfxExit  0x0000000000102274       0xb4 C:/devkitPro/libctru/lib\libctru.a(gfx.o)
                0x0000000000102274                gfxExit
 .text.gfxGetFramebuffer
                0x0000000000102328       0xa0 C:/devkitPro/libctru/lib\libctru.a(gfx.o)
                0x0000000000102328                gfxGetFramebuffer
 .text.gfxFlushBuffers
                0x00000000001023c8      0x10c C:/devkitPro/libctru/lib\libctru.a(gfx.o)
                0x00000000001023c8                gfxFlushBuffers
 .text.gfxSwapBuffers
                0x00000000001024d4       0x50 C:/devkitPro/libctru/lib\libctru.a(gfx.o)
                0x00000000001024d4                gfxSwapBuffers
 .text.gfxSwapBuffersGpu
                0x0000000000102524       0x50 C:/devkitPro/libctru/lib\libctru.a(gfx.o)
                0x0000000000102524                gfxSwapBuffersGpu
 .text.gspHardwareInit
                0x0000000000102574      0xc58 C:/devkitPro/libctru/lib\libctru.a(gspgpu.o)
 .text.gspInit  0x00000000001031cc      0x24c C:/devkitPro/libctru/lib\libctru.a(gspgpu.o)
                0x00000000001031cc                gspInit
 .text.gspExit  0x0000000000103418       0xf0 C:/devkitPro/libctru/lib\libctru.a(gspgpu.o)
                0x0000000000103418                gspExit
 .text.gspHasGpuRight
                0x0000000000103508       0x10 C:/devkitPro/libctru/lib\libctru.a(gspgpu.o)
                0x0000000000103508                gspHasGpuRight
 .text.gspPresentBuffer
                0x0000000000103518       0xa0 C:/devkitPro/libctru/lib\libctru.a(gspgpu.o)
                0x0000000000103518                gspPresentBuffer
 .text.gspWaitForEvent
                0x00000000001035b8       0x50 C:/devkitPro/libctru/lib\libctru.a(gspgpu.o)
                0x00000000001035b8                gspWaitForEvent
 .text.gxCmdQueueInterrupt
                0x0000000000103608        0x4 C:/devkitPro/libctru/lib\libctru.a(gspgpu.o)
                0x0000000000103608                gxCmdQueueInterrupt
 .text.gspEventThreadMain
                0x000000000010360c      0x160 C:/devkitPro/libctru/lib\libctru.a(gspgpu.o)
 .text.GSPGPU_FlushDataCache
                0x000000000010376c       0x50 C:/devkitPro/libctru/lib\libctru.a(gspgpu.o)
                0x000000000010376c                GSPGPU_FlushDataCache
 .text.GSPGPU_SetLcdForceBlack
                0x00000000001037bc       0x34 C:/devkitPro/libctru/lib\libctru.a(gspgpu.o)
                0x00000000001037bc                GSPGPU_SetLcdForceBlack
 .text.GSPGPU_AcquireRight
                0x00000000001037f0       0x68 C:/devkitPro/libctru/lib\libctru.a(gspgpu.o)
                0x00000000001037f0                GSPGPU_AcquireRight
 .text.GSPGPU_ReleaseRight
                0x0000000000103858       0x48 C:/devkitPro/libctru/lib\libctru.a(gspgpu.o)
                0x0000000000103858                GSPGPU_ReleaseRight
 .text.GSPGPU_ImportDisplayCaptureInfo
                0x00000000001038a0       0x7c C:/devkitPro/libctru/lib\libctru.a(gspgpu.o)
                0x00000000001038a0                GSPGPU_ImportDisplayCaptureInfo
 .text.GSPGPU_SaveVramSysArea
                0x000000000010391c       0x2c C:/devkitPro/libctru/lib\libctru.a(gspgpu.o)
                0x000000000010391c                GSPGPU_SaveVramSysArea
 .text.GSPGPU_RestoreVramSysArea
                0x0000000000103948       0x2c C:/devkitPro/libctru/lib\libctru.a(gspgpu.o)
                0x0000000000103948                GSPGPU_RestoreVramSysArea
 .text.aptConvertScreenForCapture
                0x0000000000103974      0x1b0 C:/devkitPro/libctru/lib\libctru.a(apt.o)
 .text.aptDspSleep
                0x0000000000103b24        0x8 C:/devkitPro/libctru/lib\libctru.a(apt.o)
                0x0000000000103b24                aptDspSleep
 .text.aptDspWakeup
                0x0000000000103b2c        0x4 C:/devkitPro/libctru/lib\libctru.a(apt.o)
                0x0000000000103b2c                aptDspWakeup
 .text.aptDspCancel
                0x0000000000103b30        0x4 C:/devkitPro/libctru/lib\libctru.a(apt.o)
                0x0000000000103b30                aptDspCancel
 .text.aptSendCommand
                0x0000000000103b34      0x15c C:/devkitPro/libctru/lib\libctru.a(apt.o)
                0x0000000000103b34                aptSendCommand
 .text.aptExitProcess
                0x0000000000103c90       0x38 C:/devkitPro/libctru/lib\libctru.a(apt.o)
 .text.aptExit  0x0000000000103cc8      0x2f0 C:/devkitPro/libctru/lib\libctru.a(apt.o)
                0x0000000000103cc8                aptExit
 .text.aptHandleSleep
                0x0000000000103fb8       0xd8 C:/devkitPro/libctru/lib\libctru.a(apt.o)
                0x0000000000103fb8                aptHandleSleep
 .text.APT_SleepIfShellClosed
                0x0000000000104090       0x84 C:/devkitPro/libctru/lib\libctru.a(apt.o)
                0x0000000000104090                APT_SleepIfShellClosed
 .text.aptSetSleepAllowed
                0x0000000000104114       0x84 C:/devkitPro/libctru/lib\libctru.a(apt.o)
                0x0000000000104114                aptSetSleepAllowed
 .text.APT_UnlockTransition
                0x0000000000104198       0x84 C:/devkitPro/libctru/lib\libctru.a(apt.o)
                0x0000000000104198                APT_UnlockTransition
 *fill*         0x000000000010421c        0x4 
 .text.aptEventHandler
                0x0000000000104220      0x484 C:/devkitPro/libctru/lib\libctru.a(apt.o)
 .text.APT_ReceiveParameter
                0x00000000001046a4       0xb0 C:/devkitPro/libctru/lib\libctru.a(apt.o)
                0x00000000001046a4                APT_ReceiveParameter
 .text.aptReceiveParameter.constprop.0
                0x0000000000104754       0xb0 C:/devkitPro/libctru/lib\libctru.a(apt.o)
 *fill*         0x0000000000104804        0x4 
 .text.aptScreenTransfer
                0x0000000000104808      0x2bc C:/devkitPro/libctru/lib\libctru.a(apt.o)
 .text.aptWaitForWakeUp.isra.0
                0x0000000000104ac4      0x374 C:/devkitPro/libctru/lib\libctru.a(apt.o)
 .text.aptJumpToHomeMenu
                0x0000000000104e38       0xf8 C:/devkitPro/libctru/lib\libctru.a(apt.o)
                0x0000000000104e38                aptJumpToHomeMenu
 .text.aptMainLoop
                0x0000000000104f30       0x4c C:/devkitPro/libctru/lib\libctru.a(apt.o)
                0x0000000000104f30                aptMainLoop
 .text.aptInit  0x0000000000104f7c      0x234 C:/devkitPro/libctru/lib\libctru.a(apt.o)
                0x0000000000104f7c                aptInit
 .text.APT_CheckNew3DS
                0x00000000001051b0       0x7c C:/devkitPro/libctru/lib\libctru.a(apt.o)
                0x00000000001051b0                APT_CheckNew3DS
 .text.hidShouldUseIrrst
                0x000000000010522c       0x24 C:/devkitPro/libctru/lib\libctru.a(hid.o)
                0x000000000010522c                hidShouldUseIrrst
 .text.hidInit  0x0000000000105250      0x18c C:/devkitPro/libctru/lib\libctru.a(hid.o)
                0x0000000000105250                hidInit
 .text.hidExit  0x00000000001053dc       0xe8 C:/devkitPro/libctru/lib\libctru.a(hid.o)
                0x00000000001053dc                hidExit
 .text.hidScanInput
                0x00000000001054c4      0x2a4 C:/devkitPro/libctru/lib\libctru.a(hid.o)
                0x00000000001054c4                hidScanInput
 .text.hidKeysDown
                0x0000000000105768       0x10 C:/devkitPro/libctru/lib\libctru.a(hid.o)
                0x0000000000105768                hidKeysDown
 .text.__libctru_init
                0x0000000000105778       0x38 C:/devkitPro/libctru/lib\libctru.a(ctru_init.o)
                0x0000000000105778                __libctru_init
 .text.__system_initArgv
                0x00000000001057b0      0x168 C:/devkitPro/libctru/lib\libctru.a(initArgv.o)
                0x00000000001057b0                __system_initArgv
 .text.svcControlMemory
                0x0000000000105918       0x20 C:/devkitPro/libctru/lib\libctru.a(svc.o)
                0x0000000000105918                svcControlMemory
 .text.svcQueryMemory
                0x0000000000105938       0x30 C:/devkitPro/libctru/lib\libctru.a(svc.o)
                0x0000000000105938                svcQueryMemory
 .text.svcExitProcess
                0x0000000000105968        0x8 C:/devkitPro/libctru/lib\libctru.a(svc.o)
                0x0000000000105968                svcExitProcess
 .text.svcCreateThread
                0x0000000000105970       0x20 C:/devkitPro/libctru/lib\libctru.a(svc.o)
                0x0000000000105970                svcCreateThread
 .text.svcExitThread
                0x0000000000105990        0x8 C:/devkitPro/libctru/lib\libctru.a(svc.o)
                0x0000000000105990                svcExitThread
 .text.svcSleepThread
                0x0000000000105998        0x8 C:/devkitPro/libctru/lib\libctru.a(svc.o)
                0x0000000000105998                svcSleepThread
 .text.svcReleaseMutex
                0x00000000001059a0        0x8 C:/devkitPro/libctru/lib\libctru.a(svc.o)
                0x00000000001059a0                svcReleaseMutex
 .text.svcCreateEvent
                0x00000000001059a8       0x14 C:/devkitPro/libctru/lib\libctru.a(svc.o)
                0x00000000001059a8                svcCreateEvent
 .text.svcSignalEvent
                0x00000000001059bc        0x8 C:/devkitPro/libctru/lib\libctru.a(svc.o)
                0x00000000001059bc                svcSignalEvent
 .text.svcClearEvent
                0x00000000001059c4        0x8 C:/devkitPro/libctru/lib\libctru.a(svc.o)
                0x00000000001059c4                svcClearEvent
 .text.svcMapMemoryBlock
                0x00000000001059cc        0x8 C:/devkitPro/libctru/lib\libctru.a(svc.o)
                0x00000000001059cc                svcMapMemoryBlock
 .text.svcUnmapMemoryBlock
                0x00000000001059d4        0x8 C:/devkitPro/libctru/lib\libctru.a(svc.o)
                0x00000000001059d4                svcUnmapMemoryBlock
 .text.svcCreateAddressArbiter
                0x00000000001059dc       0x14 C:/devkitPro/libctru/lib\libctru.a(svc.o)
                0x00000000001059dc                svcCreateAddressArbiter
 .text.svcArbitrateAddressNoTimeout
                0x00000000001059f0        0x8 C:/devkitPro/libctru/lib\libctru.a(svc.o)
                0x00000000001059f0                svcArbitrateAddressNoTimeout
 .text.svcCloseHandle
                0x00000000001059f8        0x8 C:/devkitPro/libctru/lib\libctru.a(svc.o)
                0x00000000001059f8                svcCloseHandle
 .text.svcWaitSynchronization
                0x0000000000105a00        0x8 C:/devkitPro/libctru/lib\libctru.a(svc.o)
                0x0000000000105a00                svcWaitSynchronization
 .text.svcWaitSynchronizationN
                0x0000000000105a08       0x28 C:/devkitPro/libctru/lib\libctru.a(svc.o)
                0x0000000000105a08                svcWaitSynchronizationN
 .text.svcDuplicateHandle
                0x0000000000105a30       0x14 C:/devkitPro/libctru/lib\libctru.a(svc.o)
                0x0000000000105a30                svcDuplicateHandle
 .text.svcConnectToPort
                0x0000000000105a44       0x14 C:/devkitPro/libctru/lib\libctru.a(svc.o)
                0x0000000000105a44                svcConnectToPort
 .text.svcSendSyncRequest
                0x0000000000105a58        0x8 C:/devkitPro/libctru/lib\libctru.a(svc.o)
                0x0000000000105a58                svcSendSyncRequest
 .text.svcGetResourceLimit
                0x0000000000105a60       0x14 C:/devkitPro/libctru/lib\libctru.a(svc.o)
                0x0000000000105a60                svcGetResourceLimit
 .text.svcGetResourceLimitLimitValues
                0x0000000000105a74        0x8 C:/devkitPro/libctru/lib\libctru.a(svc.o)
                0x0000000000105a74                svcGetResourceLimitLimitValues
 .text.svcGetResourceLimitCurrentValues
                0x0000000000105a7c        0x8 C:/devkitPro/libctru/lib\libctru.a(svc.o)
                0x0000000000105a7c                svcGetResourceLimitCurrentValues
 .text.svcBreak
                0x0000000000105a84        0x8 C:/devkitPro/libctru/lib\libctru.a(svc.o)
                0x0000000000105a84                svcBreak
 .text.initSystem
                0x0000000000105a8c       0x50 C:/devkitPro/libctru/lib\libctru.a(stack_adjust.o)
                0x0000000000105a8c                initSystem
 .text.__ctru_exit
                0x0000000000105adc       0x18 C:/devkitPro/libctru/lib\libctru.a(stack_adjust.o)
                0x0000000000105adc                __ctru_exit
 .text._ZL21addrMapNodeComparatorPK11rbtree_nodeS1_
                0x0000000000105af4       0x24 C:/devkitPro/libctru/lib\libctru.a(vram.o)
 .text._ZL21addrMapNodeDestructorP11rbtree_node
                0x0000000000105b18        0x4 C:/devkitPro/libctru/lib\libctru.a(vram.o)
 .text.vramMemAlignAt
                0x0000000000105b1c      0x258 C:/devkitPro/libctru/lib\libctru.a(vram.o)
                0x0000000000105b1c                vramMemAlignAt
 .text.vramAlloc
                0x0000000000105d74        0xc C:/devkitPro/libctru/lib\libctru.a(vram.o)
                0x0000000000105d74                vramAlloc
 .text.vramFree
                0x0000000000105d80       0x90 C:/devkitPro/libctru/lib\libctru.a(vram.o)
                0x0000000000105d80                vramFree
 .text._ZL21addrMapNodeComparatorPK11rbtree_nodeS1_
                0x0000000000105e10       0x24 C:/devkitPro/libctru/lib\libctru.a(linear.o)
 .text._ZL21addrMapNodeDestructorP11rbtree_node
                0x0000000000105e34        0x4 C:/devkitPro/libctru/lib\libctru.a(linear.o)
 .text.linearMemAlign
                0x0000000000105e38      0x130 C:/devkitPro/libctru/lib\libctru.a(linear.o)
                0x0000000000105e38                linearMemAlign
 .text.linearAlloc
                0x0000000000105f68        0x8 C:/devkitPro/libctru/lib\libctru.a(linear.o)
                0x0000000000105f68                linearAlloc
 .text.linearFree
                0x0000000000105f70       0x5c C:/devkitPro/libctru/lib\libctru.a(linear.o)
                0x0000000000105f70                linearFree
 .text._ZN7MemPool13CoalesceRightEP8MemBlock
                0x0000000000105fcc       0x80 C:/devkitPro/libctru/lib\libctru.a(mem_pool.o)
                0x0000000000105fcc                MemPool::CoalesceRight(MemBlock*)
 .text._ZN7MemPool8AllocateER8MemChunkmi
                0x000000000010604c      0x174 C:/devkitPro/libctru/lib\libctru.a(mem_pool.o)
                0x000000000010604c                MemPool::Allocate(MemChunk&, unsigned long, int)
 .text._ZN7MemPool10DeallocateERK8MemChunk
                0x00000000001061c0       0xfc C:/devkitPro/libctru/lib\libctru.a(mem_pool.o)
                0x00000000001061c0                MemPool::Deallocate(MemChunk const&)
 .text._ZN7MemPool12GetFreeSpaceEv
                0x00000000001062bc       0x30 C:/devkitPro/libctru/lib\libctru.a(mem_pool.o)
                0x00000000001062bc                MemPool::GetFreeSpace()
 .text.__sync_init
                0x00000000001062ec        0xc C:/devkitPro/libctru/lib\libctru.a(synchronization.o)
                0x00000000001062ec                __sync_init
 .text.__sync_fini
                0x00000000001062f8       0x18 C:/devkitPro/libctru/lib\libctru.a(synchronization.o)
                0x00000000001062f8                __sync_fini
 .text.syncArbitrateAddress
                0x0000000000106310       0x2c C:/devkitPro/libctru/lib\libctru.a(synchronization.o)
                0x0000000000106310                syncArbitrateAddress
 .text.LightLock_Lock
                0x000000000010633c       0x94 C:/devkitPro/libctru/lib\libctru.a(synchronization.o)
                0x000000000010633c                LightLock_Lock
 .text.LightLock_Unlock
                0x00000000001063d0       0x40 C:/devkitPro/libctru/lib\libctru.a(synchronization.o)
                0x00000000001063d0                LightLock_Unlock
 .text.RecursiveLock_Init
                0x0000000000106410       0x24 C:/devkitPro/libctru/lib\libctru.a(synchronization.o)
                0x0000000000106410                RecursiveLock_Init
 .text.RecursiveLock_Lock
                0x0000000000106434       0x30 C:/devkitPro/libctru/lib\libctru.a(synchronization.o)
                0x0000000000106434                RecursiveLock_Lock
 .text.RecursiveLock_Unlock
                0x0000000000106464       0x54 C:/devkitPro/libctru/lib\libctru.a(synchronization.o)
                0x0000000000106464                RecursiveLock_Unlock
 .text.LightEvent_Init
                0x00000000001064b8       0x40 C:/devkitPro/libctru/lib\libctru.a(synchronization.o)
                0x00000000001064b8                LightEvent_Init
 .text.LightEvent_Clear
                0x00000000001064f8       0xa4 C:/devkitPro/libctru/lib\libctru.a(synchronization.o)
                0x00000000001064f8                LightEvent_Clear
 .text.LightEvent_Signal
                0x000000000010659c       0xc8 C:/devkitPro/libctru/lib\libctru.a(synchronization.o)
                0x000000000010659c                LightEvent_Signal
 .text.LightEvent_TryWait
                0x0000000000106664       0x58 C:/devkitPro/libctru/lib\libctru.a(synchronization.o)
                0x0000000000106664                LightEvent_TryWait
 .text.LightEvent_Wait
                0x00000000001066bc       0xb0 C:/devkitPro/libctru/lib\libctru.a(synchronization.o)
                0x00000000001066bc                LightEvent_Wait
 .text.__ctru_speedup_config
                0x000000000010676c       0x34 C:/devkitPro/libctru/lib\libctru.a(os.o)
                0x000000000010676c                __ctru_speedup_config
 .text.srvInit  0x00000000001067a0      0x124 C:/devkitPro/libctru/lib\libctru.a(srv.o)
                0x00000000001067a0                srvInit
 .text.srvExit  0x00000000001068c4       0x58 C:/devkitPro/libctru/lib\libctru.a(srv.o)
                0x00000000001068c4                srvExit
 .text.srvGetServiceHandleDirect
                0x000000000010691c       0x80 C:/devkitPro/libctru/lib\libctru.a(srv.o)
                0x000000000010691c                srvGetServiceHandleDirect
 .text.srvGetServiceHandle
                0x000000000010699c       0x48 C:/devkitPro/libctru/lib\libctru.a(srv.o)
                0x000000000010699c                srvGetServiceHandle
 .text.srvPublishToSubscriber
                0x00000000001069e4       0x38 C:/devkitPro/libctru/lib\libctru.a(srv.o)
                0x00000000001069e4                srvPublishToSubscriber
 .text.threadCreate
                0x0000000000106a1c      0x188 C:/devkitPro/libctru/lib\libctru.a(thread.o)
                0x0000000000106a1c                threadCreate
 .text.threadFree
                0x0000000000106ba4       0x2c C:/devkitPro/libctru/lib\libctru.a(thread.o)
                0x0000000000106ba4                threadFree
 .text.threadJoin
                0x0000000000106bd0       0x24 C:/devkitPro/libctru/lib\libctru.a(thread.o)
                0x0000000000106bd0                threadJoin
 .text.threadGetCurrent
                0x0000000000106bf4       0x30 C:/devkitPro/libctru/lib\libctru.a(thread.o)
                0x0000000000106bf4                threadGetCurrent
 .text.threadExit
                0x0000000000106c24       0x40 C:/devkitPro/libctru/lib\libctru.a(thread.o)
                0x0000000000106c24                threadExit
 .text._thread_begin
                0x0000000000106c64       0x44 C:/devkitPro/libctru/lib\libctru.a(thread.o)
 .text.mappableFindAddressWithin
                0x0000000000106ca8       0x94 C:/devkitPro/libctru/lib\libctru.a(mappable.o)
 .text.mappableInit
                0x0000000000106d3c       0x28 C:/devkitPro/libctru/lib\libctru.a(mappable.o)
                0x0000000000106d3c                mappableInit
 .text.mappableAlloc
                0x0000000000106d64       0x80 C:/devkitPro/libctru/lib\libctru.a(mappable.o)
                0x0000000000106d64                mappableAlloc
 .text.mappableFree
                0x0000000000106de4        0x4 C:/devkitPro/libctru/lib\libctru.a(mappable.o)
                0x0000000000106de4                mappableFree
 .text.irrstInit
                0x0000000000106de8      0x160 C:/devkitPro/libctru/lib\libctru.a(irrst.o)
                0x0000000000106de8                irrstInit
 .text.irrstExit
                0x0000000000106f48       0xcc C:/devkitPro/libctru/lib\libctru.a(irrst.o)
                0x0000000000106f48                irrstExit
 .text.irrstScanInput
                0x0000000000107014       0xb4 C:/devkitPro/libctru/lib\libctru.a(irrst.o)
                0x0000000000107014                irrstScanInput
 .text.irrstKeysHeld
                0x00000000001070c8       0x24 C:/devkitPro/libctru/lib\libctru.a(irrst.o)
                0x00000000001070c8                irrstKeysHeld
 .text.srvPmGetSessionHandle
                0x00000000001070ec        0xc C:/devkitPro/libctru/lib\libctru.a(srvpm.o)
                0x00000000001070ec                srvPmGetSessionHandle
 .text.ptmSysmInit
                0x00000000001070f8       0x74 C:/devkitPro/libctru/lib\libctru.a(ptmsysm.o)
                0x00000000001070f8                ptmSysmInit
 .text.ptmSysmExit
                0x000000000010716c       0x3c C:/devkitPro/libctru/lib\libctru.a(ptmsysm.o)
                0x000000000010716c                ptmSysmExit
 .text.PTMSYSM_ConfigureNew3DSCPU
                0x00000000001071a8       0x34 C:/devkitPro/libctru/lib\libctru.a(ptmsysm.o)
                0x00000000001071a8                PTMSYSM_ConfigureNew3DSCPU
 .text.rbtree_init
                0x00000000001071dc       0x10 C:/devkitPro/libctru/lib\libctru.a(rbtree_init.o)
                0x00000000001071dc                rbtree_init
 .text.do_insert
                0x00000000001071ec      0x1a8 C:/devkitPro/libctru/lib\libctru.a(rbtree_insert.o)
 .text.rbtree_insert
                0x0000000000107394        0x8 C:/devkitPro/libctru/lib\libctru.a(rbtree_insert.o)
                0x0000000000107394                rbtree_insert
 .text.rbtree_rotate
                0x000000000010739c       0x90 C:/devkitPro/libctru/lib\libctru.a(rbtree_rotate.o)
                0x000000000010739c                rbtree_rotate
 .text.rbtree_remove
                0x000000000010742c      0x338 C:/devkitPro/libctru/lib\libctru.a(rbtree_remove.o)
                0x000000000010742c                rbtree_remove
 .text.rbtree_find
                0x0000000000107764       0x74 C:/devkitPro/libctru/lib\libctru.a(rbtree_find.o)
                0x0000000000107764                rbtree_find
 .text.__appInit
                0x00000000001077d8       0x30 C:/devkitPro/libctru/lib\libctru.a(appInit.o)
                0x00000000001077d8                __appInit
 .text.__syscall_getreent
                0x0000000000107808       0x30 C:/devkitPro/libctru/lib\libctru.a(syscalls.o)
                0x0000000000107808                __syscall_getreent
 .text.__syscall_lock_acquire
                0x0000000000107838        0x4 C:/devkitPro/libctru/lib\libctru.a(syscalls.o)
                0x0000000000107838                __syscall_lock_acquire
 .text.__syscall_lock_release
                0x000000000010783c        0x4 C:/devkitPro/libctru/lib\libctru.a(syscalls.o)
                0x000000000010783c                __syscall_lock_release
 .text.__syscall_lock_init_recursive
                0x0000000000107840        0x4 C:/devkitPro/libctru/lib\libctru.a(syscalls.o)
                0x0000000000107840                __syscall_lock_init_recursive
 .text.__syscall_lock_acquire_recursive
                0x0000000000107844        0x4 C:/devkitPro/libctru/lib\libctru.a(syscalls.o)
                0x0000000000107844                __syscall_lock_acquire_recursive
 .text.__syscall_lock_release_recursive
                0x0000000000107848        0x4 C:/devkitPro/libctru/lib\libctru.a(syscalls.o)
                0x0000000000107848                __syscall_lock_release_recursive
 .text.__syscall_exit
                0x000000000010784c        0x4 C:/devkitPro/libctru/lib\libctru.a(syscalls.o)
                0x000000000010784c                __syscall_exit
 .text.__system_initSyscalls
                0x0000000000107850       0x60 C:/devkitPro/libctru/lib\libctru.a(syscalls.o)
                0x0000000000107850                __system_initSyscalls
 .text.__system_allocateHeaps
                0x00000000001078b0      0x1e0 C:/devkitPro/libctru/lib\libctru.a(allocateHeaps.o)
                0x00000000001078b0                __system_allocateHeaps
 .text.__appExit
                0x0000000000107a90       0x30 C:/devkitPro/libctru/lib\libctru.a(appExit.o)
                0x0000000000107a90                __appExit
 .text.__libctru_exit
                0x0000000000107ac0       0x90 C:/devkitPro/libctru/lib\libctru.a(ctru_exit.o)
                0x0000000000107ac0                __libctru_exit
 .text.envGetHandle
                0x0000000000107b50       0x84 C:/devkitPro/libctru/lib\libctru.a(env.o)
                0x0000000000107b50                envGetHandle
 .text.envDestroyHandles
                0x0000000000107bd4       0x50 C:/devkitPro/libctru/lib\libctru.a(env.o)
                0x0000000000107bd4                envDestroyHandles
 .text.archive_link
                0x0000000000107c24       0x14 C:/devkitPro/libctru/lib\libctru.a(archive_dev.o)
 .text.archive_dirreset
                0x0000000000107c38       0x14 C:/devkitPro/libctru/lib\libctru.a(archive_dev.o)
 .text.archive_chmod
                0x0000000000107c4c       0x14 C:/devkitPro/libctru/lib\libctru.a(archive_dev.o)
 .text.error_cmp
                0x0000000000107c60       0x24 C:/devkitPro/libctru/lib\libctru.a(archive_dev.o)
 .text.archive_translate_error
                0x0000000000107c84       0x50 C:/devkitPro/libctru/lib\libctru.a(archive_dev.o)
 .text.archive_seek
                0x0000000000107cd4       0xd4 C:/devkitPro/libctru/lib\libctru.a(archive_dev.o)
 .text._archiveInit.part.0
                0x0000000000107da8       0x7c C:/devkitPro/libctru/lib\libctru.a(archive_dev.o)
 .text.archiveFindDevice.part.0
                0x0000000000107e24       0x8c C:/devkitPro/libctru/lib\libctru.a(archive_dev.o)
 .text.archive_utf16path
                0x0000000000107eb0      0x260 C:/devkitPro/libctru/lib\libctru.a(archive_dev.o)
 .text._archiveUnmountDeviceStruct.part.0
                0x0000000000108110       0xa0 C:/devkitPro/libctru/lib\libctru.a(archive_dev.o)
 .text.archive_fchmod
                0x00000000001081b0       0x14 C:/devkitPro/libctru/lib\libctru.a(archive_dev.o)
 .text.archive_statvfs
                0x00000000001081c4       0x14 C:/devkitPro/libctru/lib\libctru.a(archive_dev.o)
 .text._archiveMountDevice
                0x00000000001081d8      0x158 C:/devkitPro/libctru/lib\libctru.a(archive_dev.o)
 .text.archive_diropen
                0x0000000000108330       0xe8 C:/devkitPro/libctru/lib\libctru.a(archive_dev.o)
 .text.archive_fstat
                0x0000000000108418       0xa4 C:/devkitPro/libctru/lib\libctru.a(archive_dev.o)
 .text.archive_close
                0x00000000001084bc       0x6c C:/devkitPro/libctru/lib\libctru.a(archive_dev.o)
 .text.archive_fsync
                0x0000000000108528       0x6c C:/devkitPro/libctru/lib\libctru.a(archive_dev.o)
 .text.archive_dirclose
                0x0000000000108594       0x70 C:/devkitPro/libctru/lib\libctru.a(archive_dev.o)
 .text.sdmc_statvfs
                0x0000000000108604       0xe8 C:/devkitPro/libctru/lib\libctru.a(archive_dev.o)
 .text.archive_ftruncate
                0x00000000001086ec       0x80 C:/devkitPro/libctru/lib\libctru.a(archive_dev.o)
 .text.archive_chdir
                0x000000000010876c       0xfc C:/devkitPro/libctru/lib\libctru.a(archive_dev.o)
 .text.archive_read
                0x0000000000108868       0xb0 C:/devkitPro/libctru/lib\libctru.a(archive_dev.o)
 .text.archive_unlink
                0x0000000000108918       0xac C:/devkitPro/libctru/lib\libctru.a(archive_dev.o)
 .text.archive_rmdir
                0x00000000001089c4       0xc8 C:/devkitPro/libctru/lib\libctru.a(archive_dev.o)
 .text.archive_mkdir
                0x0000000000108a8c       0xec C:/devkitPro/libctru/lib\libctru.a(archive_dev.o)
 .text.archive_stat
                0x0000000000108b78      0x1a8 C:/devkitPro/libctru/lib\libctru.a(archive_dev.o)
 .text.archive_rename
                0x0000000000108d20      0x26c C:/devkitPro/libctru/lib\libctru.a(archive_dev.o)
 .text.archive_dirnext
                0x0000000000108f8c      0x168 C:/devkitPro/libctru/lib\libctru.a(archive_dev.o)
 .text.archive_write
                0x00000000001090f4      0x12c C:/devkitPro/libctru/lib\libctru.a(archive_dev.o)
 .text.archive_open
                0x0000000000109220      0x1e8 C:/devkitPro/libctru/lib\libctru.a(archive_dev.o)
 .text.archiveMountSdmc
                0x0000000000109408      0x1a4 C:/devkitPro/libctru/lib\libctru.a(archive_dev.o)
                0x0000000000109408                archiveMountSdmc
 .text.archiveUnmountAll
                0x00000000001095ac       0x54 C:/devkitPro/libctru/lib\libctru.a(archive_dev.o)
                0x00000000001095ac                archiveUnmountAll
 .text.fsInit   0x0000000000109600       0xc8 C:/devkitPro/libctru/lib\libctru.a(fs.o)
                0x0000000000109600                fsInit
 .text.fsExit   0x00000000001096c8       0x3c C:/devkitPro/libctru/lib\libctru.a(fs.o)
                0x00000000001096c8                fsExit
 .text.fsExemptFromSession
                0x0000000000109704       0x60 C:/devkitPro/libctru/lib\libctru.a(fs.o)
                0x0000000000109704                fsExemptFromSession
 .text.fsUnexemptFromSession
                0x0000000000109764       0x50 C:/devkitPro/libctru/lib\libctru.a(fs.o)
                0x0000000000109764                fsUnexemptFromSession
 .text.FSUSER_OpenFile
                0x00000000001097b4       0xcc C:/devkitPro/libctru/lib\libctru.a(fs.o)
                0x00000000001097b4                FSUSER_OpenFile
 .text.FSUSER_DeleteFile
                0x0000000000109880       0xbc C:/devkitPro/libctru/lib\libctru.a(fs.o)
                0x0000000000109880                FSUSER_DeleteFile
 .text.FSUSER_RenameFile
                0x000000000010993c       0xf8 C:/devkitPro/libctru/lib\libctru.a(fs.o)
                0x000000000010993c                FSUSER_RenameFile
 .text.FSUSER_DeleteDirectory
                0x0000000000109a34       0xbc C:/devkitPro/libctru/lib\libctru.a(fs.o)
                0x0000000000109a34                FSUSER_DeleteDirectory
 .text.FSUSER_CreateFile
                0x0000000000109af0       0xd4 C:/devkitPro/libctru/lib\libctru.a(fs.o)
                0x0000000000109af0                FSUSER_CreateFile
 .text.FSUSER_CreateDirectory
                0x0000000000109bc4       0xc4 C:/devkitPro/libctru/lib\libctru.a(fs.o)
                0x0000000000109bc4                FSUSER_CreateDirectory
 .text.FSUSER_RenameDirectory
                0x0000000000109c88       0xf8 C:/devkitPro/libctru/lib\libctru.a(fs.o)
                0x0000000000109c88                FSUSER_RenameDirectory
 .text.FSUSER_OpenDirectory
                0x0000000000109d80       0xb4 C:/devkitPro/libctru/lib\libctru.a(fs.o)
                0x0000000000109d80                FSUSER_OpenDirectory
 .text.FSUSER_OpenArchive
                0x0000000000109e34       0x94 C:/devkitPro/libctru/lib\libctru.a(fs.o)
                0x0000000000109e34                FSUSER_OpenArchive
 .text.FSUSER_CloseArchive
                0x0000000000109ec8       0x8c C:/devkitPro/libctru/lib\libctru.a(fs.o)
                0x0000000000109ec8                FSUSER_CloseArchive
 .text.FSUSER_GetSdmcArchiveResource
                0x0000000000109f54       0x74 C:/devkitPro/libctru/lib\libctru.a(fs.o)
                0x0000000000109f54                FSUSER_GetSdmcArchiveResource
 .text.FSUSER_IsSdmcWritable
                0x0000000000109fc8       0x64 C:/devkitPro/libctru/lib\libctru.a(fs.o)
                0x0000000000109fc8                FSUSER_IsSdmcWritable
 .text.FSFILE_Read
                0x000000000010a02c       0x58 C:/devkitPro/libctru/lib\libctru.a(fs.o)
                0x000000000010a02c                FSFILE_Read
 .text.FSFILE_Write
                0x000000000010a084       0x60 C:/devkitPro/libctru/lib\libctru.a(fs.o)
                0x000000000010a084                FSFILE_Write
 .text.FSFILE_GetSize
                0x000000000010a0e4       0x38 C:/devkitPro/libctru/lib\libctru.a(fs.o)
                0x000000000010a0e4                FSFILE_GetSize
 .text.FSFILE_SetSize
                0x000000000010a11c       0x28 C:/devkitPro/libctru/lib\libctru.a(fs.o)
                0x000000000010a11c                FSFILE_SetSize
 .text.FSFILE_Close
                0x000000000010a144       0x3c C:/devkitPro/libctru/lib\libctru.a(fs.o)
                0x000000000010a144                FSFILE_Close
 .text.FSFILE_Flush
                0x000000000010a180       0x24 C:/devkitPro/libctru/lib\libctru.a(fs.o)
                0x000000000010a180                FSFILE_Flush
 .text.FSDIR_Read
                0x000000000010a1a4       0x50 C:/devkitPro/libctru/lib\libctru.a(fs.o)
                0x000000000010a1a4                FSDIR_Read
 .text.FSDIR_Close
                0x000000000010a1f4       0x3c C:/devkitPro/libctru/lib\libctru.a(fs.o)
                0x000000000010a1f4                FSDIR_Close
 .text.rbtree_node_next
                0x000000000010a230       0x58 C:/devkitPro/libctru/lib\libctru.a(rbtree_iterator.o)
                0x000000000010a230                rbtree_node_next
 .text.utf16_to_utf8
                0x000000000010a288       0xe8 C:/devkitPro/libctru/lib\libctru.a(utf16_to_utf8.o)
                0x000000000010a288                utf16_to_utf8
 .text.decode_utf16
                0x000000000010a370       0x64 C:/devkitPro/libctru/lib\libctru.a(decode_utf16.o)
                0x000000000010a370                decode_utf16
 .text.decode_utf8
                0x000000000010a3d4      0x13c C:/devkitPro/libctru/lib\libctru.a(decode_utf8.o)
                0x000000000010a3d4                decode_utf8
 .text.utf8_to_utf16
                0x000000000010a510       0xc0 C:/devkitPro/libctru/lib\libctru.a(utf8_to_utf16.o)
                0x000000000010a510                utf8_to_utf16
 .text.__aeabi_read_tp
                0x000000000010a5d0        0xc C:/devkitPro/libctru/lib\libctru.a(readtp.o)
                0x000000000010a5d0                __aeabi_read_tp
 .text.encode_utf16
                0x000000000010a5dc       0x60 C:/devkitPro/libctru/lib\libctru.a(encode_utf16.o)
                0x000000000010a5dc                encode_utf16
 .text.encode_utf8
                0x000000000010a63c       0xfc C:/devkitPro/libctru/lib\libctru.a(encode_utf8.o)
                0x000000000010a63c                encode_utf8
 .text.__udivmoddi4
                0x000000000010a738      0x120 c:/devkitpro/devkitarm/bin/../lib/gcc/arm-none-eabi/11.2.0/armv6k/fpu\libgcc.a(_udivmoddi4.o)
                0x000000000010a738                __udivmoddi4
 .text.bsearch  0x000000000010a858       0x78 c:/devkitpro/devkitarm/bin/../lib/gcc/arm-none-eabi/11.2.0/../../../../arm-none-eabi/lib/armv6k/fpu\libg.a(lib_a-bsearch.o)
                0x000000000010a858                bsearch
 .text.__errno  0x000000000010a8d0        0xc c:/devkitpro/devkitarm/bin/../lib/gcc/arm-none-eabi/11.2.0/../../../../arm-none-eabi/lib/armv6k/fpu\libg.a(lib_a-errno.o)
                0x000000000010a8d0                __errno
 .text.exit     0x000000000010a8dc       0x34 c:/devkitpro/devkitarm/bin/../lib/gcc/arm-none-eabi/11.2.0/../../../../arm-none-eabi/lib/armv6k/fpu\libg.a(lib_a-exit.o)
                0x000000000010a8dc                exit
 .text.__sflush_r
                0x000000000010a910      0x258 c:/devkitpro/devkitarm/bin/../lib/gcc/arm-none-eabi/11.2.0/../../../../arm-none-eabi/lib/armv6k/fpu\libg.a(lib_a-fflush.o)
                0x000000000010a910                __sflush_r
 .text._fflush_r
                0x000000000010ab68       0x94 c:/devkitpro/devkitarm/bin/../lib/gcc/arm-none-eabi/11.2.0/../../../../arm-none-eabi/lib/armv6k/fpu\libg.a(lib_a-fflush.o)
                0x000000000010ab68                _fflush_r
 .text._cleanup_r
                0x000000000010abfc        0xc c:/devkitpro/devkitarm/bin/../lib/gcc/arm-none-eabi/11.2.0/../../../../arm-none-eabi/lib/armv6k/fpu\libg.a(lib_a-findfp.o)
                0x000000000010abfc                _cleanup_r
 .text.__sinit  0x000000000010ac08      0x184 c:/devkitpro/devkitarm/bin/../lib/gcc/arm-none-eabi/11.2.0/../../../../arm-none-eabi/lib/armv6k/fpu\libg.a(lib_a-findfp.o)
                0x000000000010ac08                __sinit
 .text.__sfp_lock_acquire
                0x000000000010ad8c        0xc c:/devkitpro/devkitarm/bin/../lib/gcc/arm-none-eabi/11.2.0/../../../../arm-none-eabi/lib/armv6k/fpu\libg.a(lib_a-findfp.o)
                0x000000000010ad8c                __sfp_lock_acquire
 .text.__sfp_lock_release
                0x000000000010ad98        0xc c:/devkitpro/devkitarm/bin/../lib/gcc/arm-none-eabi/11.2.0/../../../../arm-none-eabi/lib/armv6k/fpu\libg.a(lib_a-findfp.o)
                0x000000000010ad98                __sfp_lock_release
 .text.__libc_fini_array
                0x000000000010ada4       0x3c c:/devkitpro/devkitarm/bin/../lib/gcc/arm-none-eabi/11.2.0/../../../../arm-none-eabi/lib/armv6k/fpu\libg.a(lib_a-fini.o)
                0x000000000010ada4                __libc_fini_array
 .text._malloc_trim_r
                0x000000000010ade0       0xf8 c:/devkitpro/devkitarm/bin/../lib/gcc/arm-none-eabi/11.2.0/../../../../arm-none-eabi/lib/armv6k/fpu\libg.a(lib_a-freer.o)
                0x000000000010ade0                _malloc_trim_r
 .text._free_r  0x000000000010aed8      0x2e4 c:/devkitpro/devkitarm/bin/../lib/gcc/arm-none-eabi/11.2.0/../../../../arm-none-eabi/lib/armv6k/fpu\libg.a(lib_a-freer.o)
                0x000000000010aed8                _free_r
 .text._fwalk_reent
                0x000000000010b1bc       0x70 c:/devkitpro/devkitarm/bin/../lib/gcc/arm-none-eabi/11.2.0/../../../../arm-none-eabi/lib/armv6k/fpu\libg.a(lib_a-fwalk.o)
                0x000000000010b1bc                _fwalk_reent
 .text.__libc_init_array
                0x000000000010b22c       0x7c c:/devkitpro/devkitarm/bin/../lib/gcc/arm-none-eabi/11.2.0/../../../../arm-none-eabi/lib/armv6k/fpu\libg.a(lib_a-init.o)
                0x000000000010b22c                __libc_init_array
 .text.memalign
                0x000000000010b2a8       0x28 c:/devkitpro/devkitarm/bin/../lib/gcc/arm-none-eabi/11.2.0/../../../../arm-none-eabi/lib/armv6k/fpu\libg.a(lib_a-malign.o)
                0x000000000010b2a8                memalign
 .text._memalign_r
                0x000000000010b2d0      0x150 c:/devkitpro/devkitarm/bin/../lib/gcc/arm-none-eabi/11.2.0/../../../../arm-none-eabi/lib/armv6k/fpu\libg.a(lib_a-malignr.o)
                0x000000000010b2d0                _memalign_r
 .text.malloc   0x000000000010b420       0x20 c:/devkitpro/devkitarm/bin/../lib/gcc/arm-none-eabi/11.2.0/../../../../arm-none-eabi/lib/armv6k/fpu\libg.a(lib_a-malloc.o)
                0x000000000010b420                malloc
 .text.free     0x000000000010b440       0x20 c:/devkitpro/devkitarm/bin/../lib/gcc/arm-none-eabi/11.2.0/../../../../arm-none-eabi/lib/armv6k/fpu\libg.a(lib_a-malloc.o)
                0x000000000010b440                free
 .text._malloc_r
                0x000000000010b460      0x7e0 c:/devkitpro/devkitarm/bin/../lib/gcc/arm-none-eabi/11.2.0/../../../../arm-none-eabi/lib/armv6k/fpu\libg.a(lib_a-mallocr.o)
                0x000000000010b460                _malloc_r
 .text.memchr   0x000000000010bc40       0xe0 c:/devkitpro/devkitarm/bin/../lib/gcc/arm-none-eabi/11.2.0/../../../../arm-none-eabi/lib/armv6k/fpu\libg.a(lib_a-memchr-stub.o)
                0x000000000010bc40                memchr
 .text.memcpy   0x000000000010bd20      0x11c c:/devkitpro/devkitarm/bin/../lib/gcc/arm-none-eabi/11.2.0/../../../../arm-none-eabi/lib/armv6k/fpu\libg.a(lib_a-memcpy-stub.o)
                0x000000000010bd20                memcpy
 .text.memset   0x000000000010be3c      0x118 c:/devkitpro/devkitarm/bin/../lib/gcc/arm-none-eabi/11.2.0/../../../../arm-none-eabi/lib/armv6k/fpu\libg.a(lib_a-memset.o)
                0x000000000010be3c                memset
 .text.__malloc_lock
                0x000000000010bf54        0xc c:/devkitpro/devkitarm/bin/../lib/gcc/arm-none-eabi/11.2.0/../../../../arm-none-eabi/lib/armv6k/fpu\libg.a(lib_a-mlock.o)
                0x000000000010bf54                __malloc_lock
 .text.__malloc_unlock
                0x000000000010bf60        0xc c:/devkitpro/devkitarm/bin/../lib/gcc/arm-none-eabi/11.2.0/../../../../arm-none-eabi/lib/armv6k/fpu\libg.a(lib_a-mlock.o)
                0x000000000010bf60                __malloc_unlock
 .text._puts_r  0x000000000010bf6c       0xe0 c:/devkitpro/devkitarm/bin/../lib/gcc/arm-none-eabi/11.2.0/../../../../arm-none-eabi/lib/armv6k/fpu\libg.a(lib_a-puts.o)
                0x000000000010bf6c                _puts_r
 .text.puts     0x000000000010c04c       0x20 c:/devkitpro/devkitarm/bin/../lib/gcc/arm-none-eabi/11.2.0/../../../../arm-none-eabi/lib/armv6k/fpu\libg.a(lib_a-puts.o)
                0x000000000010c04c                puts
 .text.setvbuf  0x000000000010c06c      0x260 c:/devkitpro/devkitarm/bin/../lib/gcc/arm-none-eabi/11.2.0/../../../../arm-none-eabi/lib/armv6k/fpu\libg.a(lib_a-setvbuf.o)
                0x000000000010c06c                setvbuf
 .text.sscanf   0x000000000010c2cc       0x74 c:/devkitpro/devkitarm/bin/../lib/gcc/arm-none-eabi/11.2.0/../../../../arm-none-eabi/lib/armv6k/fpu\libg.a(lib_a-sscanf.o)
                0x000000000010c2cc                sscanf
 .text.__sread  0x000000000010c340       0x44 c:/devkitpro/devkitarm/bin/../lib/gcc/arm-none-eabi/11.2.0/../../../../arm-none-eabi/lib/armv6k/fpu\libg.a(lib_a-stdio.o)
                0x000000000010c340                __sread
 .text.__seofread
                0x000000000010c384        0x8 c:/devkitpro/devkitarm/bin/../lib/gcc/arm-none-eabi/11.2.0/../../../../arm-none-eabi/lib/armv6k/fpu\libg.a(lib_a-stdio.o)
                0x000000000010c384                __seofread
 .text.__swrite
                0x000000000010c38c       0x68 c:/devkitpro/devkitarm/bin/../lib/gcc/arm-none-eabi/11.2.0/../../../../arm-none-eabi/lib/armv6k/fpu\libg.a(lib_a-stdio.o)
                0x000000000010c38c                __swrite
 .text.__sseek  0x000000000010c3f4       0x48 c:/devkitpro/devkitarm/bin/../lib/gcc/arm-none-eabi/11.2.0/../../../../arm-none-eabi/lib/armv6k/fpu\libg.a(lib_a-stdio.o)
                0x000000000010c3f4                __sseek
 .text.__sclose
                0x000000000010c43c        0x8 c:/devkitpro/devkitarm/bin/../lib/gcc/arm-none-eabi/11.2.0/../../../../arm-none-eabi/lib/armv6k/fpu\libg.a(lib_a-stdio.o)
                0x000000000010c43c                __sclose
 .text.strlen   0x000000000010c444       0x5c c:/devkitpro/devkitarm/bin/../lib/gcc/arm-none-eabi/11.2.0/../../../../arm-none-eabi/lib/armv6k/fpu\libg.a(lib_a-strlen-stub.o)
                0x000000000010c444                strlen
 .text.strncat  0x000000000010c4a0       0xec c:/devkitpro/devkitarm/bin/../lib/gcc/arm-none-eabi/11.2.0/../../../../arm-none-eabi/lib/armv6k/fpu\libg.a(lib_a-strncat.o)
                0x000000000010c4a0                strncat
 .text.strncmp  0x000000000010c58c       0xdc c:/devkitpro/devkitarm/bin/../lib/gcc/arm-none-eabi/11.2.0/../../../../arm-none-eabi/lib/armv6k/fpu\libg.a(lib_a-strncmp.o)
                0x000000000010c58c                strncmp
 .text.strncpy  0x000000000010c668       0xc0 c:/devkitpro/devkitarm/bin/../lib/gcc/arm-none-eabi/11.2.0/../../../../arm-none-eabi/lib/armv6k/fpu\libg.a(lib_a-strncpy.o)
                0x000000000010c668                strncpy
 .text.strnlen  0x000000000010c728       0x48 c:/devkitpro/devkitarm/bin/../lib/gcc/arm-none-eabi/11.2.0/../../../../arm-none-eabi/lib/armv6k/fpu\libg.a(lib_a-strnlen.o)
                0x000000000010c728                strnlen
 .text._strtoul_l.constprop.0
                0x000000000010c770      0x1c4 c:/devkitpro/devkitarm/bin/../lib/gcc/arm-none-eabi/11.2.0/../../../../arm-none-eabi/lib/armv6k/fpu\libg.a(lib_a-strtoul.o)
 .text._strtoul_r
                0x000000000010c934        0x4 c:/devkitpro/devkitarm/bin/../lib/gcc/arm-none-eabi/11.2.0/../../../../arm-none-eabi/lib/armv6k/fpu\libg.a(lib_a-strtoul.o)
                0x000000000010c934                _strtoul_r
 .text.strtoul  0x000000000010c938       0x30 c:/devkitpro/devkitarm/bin/../lib/gcc/arm-none-eabi/11.2.0/../../../../arm-none-eabi/lib/armv6k/fpu\libg.a(lib_a-strtoul.o)
                0x000000000010c938                strtoul
 .text.get_arg  0x000000000010c968       0x50 c:/devkitpro/devkitarm/bin/../lib/gcc/arm-none-eabi/11.2.0/../../../../arm-none-eabi/lib/armv6k/fpu\libg.a(lib_a-svfscanf.o)
 .text.__ssvfscanf_r
                0x000000000010c9b8     0x2bbc c:/devkitpro/devkitarm/bin/../lib/gcc/arm-none-eabi/11.2.0/../../../../arm-none-eabi/lib/armv6k/fpu\libg.a(lib_a-svfscanf.o)
                0x000000000010c9b8                __ssvfscanf_r
 .text.__call_exitprocs
                0x000000000010f574      0x114 c:/devkitpro/devkitarm/bin/../lib/gcc/arm-none-eabi/11.2.0/../../../../arm-none-eabi/lib/armv6k/fpu\libg.a(lib_a-__call_atexit.o)
                0x000000000010f574                __call_exitprocs
 .text._fclose_r
                0x000000000010f688      0x160 c:/devkitpro/devkitarm/bin/../lib/gcc/arm-none-eabi/11.2.0/../../../../arm-none-eabi/lib/armv6k/fpu\libg.a(lib_a-fclose.o)
                0x000000000010f688                _fclose_r
 .text.__sfvwrite_r
                0x000000000010f7e8      0x4c0 c:/devkitpro/devkitarm/bin/../lib/gcc/arm-none-eabi/11.2.0/../../../../arm-none-eabi/lib/armv6k/fpu\libg.a(lib_a-fvwrite.o)
                0x000000000010f7e8                __sfvwrite_r
 .text.iswspace
                0x000000000010fca8        0x8 c:/devkitpro/devkitarm/bin/../lib/gcc/arm-none-eabi/11.2.0/../../../../arm-none-eabi/lib/armv6k/fpu\libg.a(lib_a-iswspace.o)
                0x000000000010fca8                iswspace
 .text._localeconv_r
                0x000000000010fcb0        0xc c:/devkitpro/devkitarm/bin/../lib/gcc/arm-none-eabi/11.2.0/../../../../arm-none-eabi/lib/armv6k/fpu\libg.a(lib_a-localeconv.o)
                0x000000000010fcb0                _localeconv_r
 .text.__locale_mb_cur_max
                0x000000000010fcbc       0x10 c:/devkitpro/devkitarm/bin/../lib/gcc/arm-none-eabi/11.2.0/../../../../arm-none-eabi/lib/armv6k/fpu\libg.a(lib_a-locale.o)
                0x000000000010fcbc                __locale_mb_cur_max
 .text.__smakebuf_r
                0x000000000010fccc      0x138 c:/devkitpro/devkitarm/bin/../lib/gcc/arm-none-eabi/11.2.0/../../../../arm-none-eabi/lib/armv6k/fpu\libg.a(lib_a-makebuf.o)
                0x000000000010fccc                __smakebuf_r
 .text.__swhatbuf_r
                0x000000000010fe04       0x8c c:/devkitpro/devkitarm/bin/../lib/gcc/arm-none-eabi/11.2.0/../../../../arm-none-eabi/lib/armv6k/fpu\libg.a(lib_a-makebuf.o)
                0x000000000010fe04                __swhatbuf_r
 .text._mbrtowc_r
                0x000000000010fe90       0x68 c:/devkitpro/devkitarm/bin/../lib/gcc/arm-none-eabi/11.2.0/../../../../arm-none-eabi/lib/armv6k/fpu\libg.a(lib_a-mbrtowc.o)
                0x000000000010fe90                _mbrtowc_r
 .text.__utf8_mbtowc
                0x000000000010fef8      0x2e4 c:/devkitpro/devkitarm/bin/../lib/gcc/arm-none-eabi/11.2.0/../../../../arm-none-eabi/lib/armv6k/fpu\libg.a(lib_a-mbtowc_r.o)
                0x000000000010fef8                __utf8_mbtowc
 .text.memmove  0x00000000001101dc      0x154 c:/devkitpro/devkitarm/bin/../lib/gcc/arm-none-eabi/11.2.0/../../../../arm-none-eabi/lib/armv6k/fpu\libg.a(lib_a-memmove.o)
                0x00000000001101dc                memmove
 .text.realloc  0x0000000000110330       0x28 c:/devkitpro/devkitarm/bin/../lib/gcc/arm-none-eabi/11.2.0/../../../../arm-none-eabi/lib/armv6k/fpu\libg.a(lib_a-realloc.o)
                0x0000000000110330                realloc
 .text._realloc_r
                0x0000000000110358      0x558 c:/devkitpro/devkitarm/bin/../lib/gcc/arm-none-eabi/11.2.0/../../../../arm-none-eabi/lib/armv6k/fpu\libg.a(lib_a-reallocr.o)
                0x0000000000110358                _realloc_r
 .text.__sccl   0x00000000001108b0       0xe4 c:/devkitpro/devkitarm/bin/../lib/gcc/arm-none-eabi/11.2.0/../../../../arm-none-eabi/lib/armv6k/fpu\libg.a(lib_a-sccl.o)
                0x00000000001108b0                __sccl
 .text.nanf     0x0000000000110994        0xc c:/devkitpro/devkitarm/bin/../lib/gcc/arm-none-eabi/11.2.0/../../../../arm-none-eabi/lib/armv6k/fpu\libg.a(lib_a-sf_nan.o)
                0x0000000000110994                nanf
 .text.sprintf  0x00000000001109a0       0x64 c:/devkitpro/devkitarm/bin/../lib/gcc/arm-none-eabi/11.2.0/../../../../arm-none-eabi/lib/armv6k/fpu\libg.a(lib_a-sprintf.o)
                0x00000000001109a0                sprintf
 .text.stpncpy  0x0000000000110a04       0xb8 c:/devkitpro/devkitarm/bin/../lib/gcc/arm-none-eabi/11.2.0/../../../../arm-none-eabi/lib/armv6k/fpu\libg.a(lib_a-stpncpy.o)
                0x0000000000110a04                stpncpy
 .text.strchr   0x0000000000110abc      0x12c c:/devkitpro/devkitarm/bin/../lib/gcc/arm-none-eabi/11.2.0/../../../../arm-none-eabi/lib/armv6k/fpu\libg.a(lib_a-strchr.o)
                0x0000000000110abc                strchr
 .text._strtod_l
                0x0000000000110be8     0x1368 c:/devkitpro/devkitarm/bin/../lib/gcc/arm-none-eabi/11.2.0/../../../../arm-none-eabi/lib/armv6k/fpu\libg.a(lib_a-strtod.o)
                0x0000000000110be8                _strtod_l
 .text._strtod_r
                0x0000000000111f50        0xc c:/devkitpro/devkitarm/bin/../lib/gcc/arm-none-eabi/11.2.0/../../../../arm-none-eabi/lib/armv6k/fpu\libg.a(lib_a-strtod.o)
                0x0000000000111f50                _strtod_r
 .text._strtoll_l.constprop.0
                0x0000000000111f5c      0x22c c:/devkitpro/devkitarm/bin/../lib/gcc/arm-none-eabi/11.2.0/../../../../arm-none-eabi/lib/armv6k/fpu\libg.a(lib_a-strtoll.o)
 .text._strtoll_r
                0x0000000000112188        0x4 c:/devkitpro/devkitarm/bin/../lib/gcc/arm-none-eabi/11.2.0/../../../../arm-none-eabi/lib/armv6k/fpu\libg.a(lib_a-strtoll.o)
                0x0000000000112188                _strtoll_r
 .text._strtol_l.part.0
                0x000000000011218c      0x1a4 c:/devkitpro/devkitarm/bin/../lib/gcc/arm-none-eabi/11.2.0/../../../../arm-none-eabi/lib/armv6k/fpu\libg.a(lib_a-strtol.o)
 .text._strtol_r
                0x0000000000112330       0x3c c:/devkitpro/devkitarm/bin/../lib/gcc/arm-none-eabi/11.2.0/../../../../arm-none-eabi/lib/armv6k/fpu\libg.a(lib_a-strtol.o)
                0x0000000000112330                _strtol_r
 .text._strtoull_l.constprop.0
                0x000000000011236c      0x244 c:/devkitpro/devkitarm/bin/../lib/gcc/arm-none-eabi/11.2.0/../../../../arm-none-eabi/lib/armv6k/fpu\libg.a(lib_a-strtoull.o)
 .text._strtoull_r
                0x00000000001125b0        0x4 c:/devkitpro/devkitarm/bin/../lib/gcc/arm-none-eabi/11.2.0/../../../../arm-none-eabi/lib/armv6k/fpu\libg.a(lib_a-strtoull.o)
                0x00000000001125b0                _strtoull_r
 .text._sungetc_r
                0x00000000001125b4       0xe0 c:/devkitpro/devkitarm/bin/../lib/gcc/arm-none-eabi/11.2.0/../../../../arm-none-eabi/lib/armv6k/fpu\libg.a(lib_a-svfiscanf.o)
                0x00000000001125b4                _sungetc_r
 .text.__ssrefill_r
                0x0000000000112694       0x6c c:/devkitpro/devkitarm/bin/../lib/gcc/arm-none-eabi/11.2.0/../../../../arm-none-eabi/lib/armv6k/fpu\libg.a(lib_a-svfiscanf.o)
                0x0000000000112694                __ssrefill_r
 .text._sfread_r
                0x0000000000112700       0xc8 c:/devkitpro/devkitarm/bin/../lib/gcc/arm-none-eabi/11.2.0/../../../../arm-none-eabi/lib/armv6k/fpu\libg.a(lib_a-svfiscanf.o)
                0x0000000000112700                _sfread_r
 .text.get_arg  0x00000000001127c8      0x628 c:/devkitpro/devkitarm/bin/../lib/gcc/arm-none-eabi/11.2.0/../../../../arm-none-eabi/lib/armv6k/fpu\libg.a(lib_a-svfprintf.o)
 .text._svfprintf_r
                0x0000000000112df0     0x35b8 c:/devkitpro/devkitarm/bin/../lib/gcc/arm-none-eabi/11.2.0/../../../../arm-none-eabi/lib/armv6k/fpu\libg.a(lib_a-svfprintf.o)
                0x0000000000112df0                _svfprintf_r
 .text.__submore
                0x00000000001163a8       0xa8 c:/devkitpro/devkitarm/bin/../lib/gcc/arm-none-eabi/11.2.0/../../../../arm-none-eabi/lib/armv6k/fpu\libg.a(lib_a-ungetc.o)
                0x00000000001163a8                __submore
 .text._wcrtomb_r
                0x0000000000116450       0x54 c:/devkitpro/devkitarm/bin/../lib/gcc/arm-none-eabi/11.2.0/../../../../arm-none-eabi/lib/armv6k/fpu\libg.a(lib_a-wcrtomb.o)
                0x0000000000116450                _wcrtomb_r
 .text._wcsrtombs_r
                0x00000000001164a4       0x28 c:/devkitpro/devkitarm/bin/../lib/gcc/arm-none-eabi/11.2.0/../../../../arm-none-eabi/lib/armv6k/fpu\libg.a(lib_a-wcsrtombs.o)
                0x00000000001164a4                _wcsrtombs_r
 .text.__utf8_wctomb
                0x00000000001164cc       0xf0 c:/devkitpro/devkitarm/bin/../lib/gcc/arm-none-eabi/11.2.0/../../../../arm-none-eabi/lib/armv6k/fpu\libg.a(lib_a-wctomb_r.o)
                0x00000000001164cc                __utf8_wctomb
 .text.__swsetup_r
                0x00000000001165bc      0x154 c:/devkitpro/devkitarm/bin/../lib/gcc/arm-none-eabi/11.2.0/../../../../arm-none-eabi/lib/armv6k/fpu\libg.a(lib_a-wsetup.o)
                0x00000000001165bc                __swsetup_r
 .text.quorem   0x0000000000116710      0x1ac c:/devkitpro/devkitarm/bin/../lib/gcc/arm-none-eabi/11.2.0/../../../../arm-none-eabi/lib/armv6k/fpu\libg.a(lib_a-dtoa.o)
 *fill*         0x00000000001168bc        0x4 
 .text._dtoa_r  0x00000000001168c0     0x12cc c:/devkitpro/devkitarm/bin/../lib/gcc/arm-none-eabi/11.2.0/../../../../arm-none-eabi/lib/armv6k/fpu\libg.a(lib_a-dtoa.o)
                0x00000000001168c0                _dtoa_r
 .text.rshift   0x0000000000117b8c       0xec c:/devkitpro/devkitarm/bin/../lib/gcc/arm-none-eabi/11.2.0/../../../../arm-none-eabi/lib/armv6k/fpu\libg.a(lib_a-gdtoa-gethex.o)
 .text.__gethex
                0x0000000000117c78      0x904 c:/devkitpro/devkitarm/bin/../lib/gcc/arm-none-eabi/11.2.0/../../../../arm-none-eabi/lib/armv6k/fpu\libg.a(lib_a-gdtoa-gethex.o)
                0x0000000000117c78                __gethex
 .text.__match  0x000000000011857c       0x4c c:/devkitpro/devkitarm/bin/../lib/gcc/arm-none-eabi/11.2.0/../../../../arm-none-eabi/lib/armv6k/fpu\libg.a(lib_a-gdtoa-hexnan.o)
                0x000000000011857c                __match
 .text.__hexnan
                0x00000000001185c8      0x29c c:/devkitpro/devkitarm/bin/../lib/gcc/arm-none-eabi/11.2.0/../../../../arm-none-eabi/lib/armv6k/fpu\libg.a(lib_a-gdtoa-hexnan.o)
                0x00000000001185c8                __hexnan
 .text.iswspace_l
                0x0000000000118864       0x3c c:/devkitpro/devkitarm/bin/../lib/gcc/arm-none-eabi/11.2.0/../../../../arm-none-eabi/lib/armv6k/fpu\libg.a(lib_a-iswspace_l.o)
                0x0000000000118864                iswspace_l
 .text.__jp2uc  0x00000000001188a0      0x1d4 c:/devkitpro/devkitarm/bin/../lib/gcc/arm-none-eabi/11.2.0/../../../../arm-none-eabi/lib/armv6k/fpu\libg.a(lib_a-jp2uc.o)
 .text._jp2uc_l
                0x0000000000118a74       0x9c c:/devkitpro/devkitarm/bin/../lib/gcc/arm-none-eabi/11.2.0/../../../../arm-none-eabi/lib/armv6k/fpu\libg.a(lib_a-jp2uc.o)
                0x0000000000118a74                _jp2uc_l
 .text._Balloc  0x0000000000118b10       0x88 c:/devkitpro/devkitarm/bin/../lib/gcc/arm-none-eabi/11.2.0/../../../../arm-none-eabi/lib/armv6k/fpu\libg.a(lib_a-mprec.o)
                0x0000000000118b10                _Balloc
 .text._Bfree   0x0000000000118b98       0x1c c:/devkitpro/devkitarm/bin/../lib/gcc/arm-none-eabi/11.2.0/../../../../arm-none-eabi/lib/armv6k/fpu\libg.a(lib_a-mprec.o)
                0x0000000000118b98                _Bfree
 .text.__multadd
                0x0000000000118bb4       0xf4 c:/devkitpro/devkitarm/bin/../lib/gcc/arm-none-eabi/11.2.0/../../../../arm-none-eabi/lib/armv6k/fpu\libg.a(lib_a-mprec.o)
                0x0000000000118bb4                __multadd
 .text.__s2b    0x0000000000118ca8      0x110 c:/devkitpro/devkitarm/bin/../lib/gcc/arm-none-eabi/11.2.0/../../../../arm-none-eabi/lib/armv6k/fpu\libg.a(lib_a-mprec.o)
                0x0000000000118ca8                __s2b
 .text.__hi0bits
                0x0000000000118db8       0x58 c:/devkitpro/devkitarm/bin/../lib/gcc/arm-none-eabi/11.2.0/../../../../arm-none-eabi/lib/armv6k/fpu\libg.a(lib_a-mprec.o)
                0x0000000000118db8                __hi0bits
 .text.__lo0bits
                0x0000000000118e10       0x94 c:/devkitpro/devkitarm/bin/../lib/gcc/arm-none-eabi/11.2.0/../../../../arm-none-eabi/lib/armv6k/fpu\libg.a(lib_a-mprec.o)
                0x0000000000118e10                __lo0bits
 .text.__i2b    0x0000000000118ea4       0xa4 c:/devkitpro/devkitarm/bin/../lib/gcc/arm-none-eabi/11.2.0/../../../../arm-none-eabi/lib/armv6k/fpu\libg.a(lib_a-mprec.o)
                0x0000000000118ea4                __i2b
 .text.__multiply
                0x0000000000118f48      0x204 c:/devkitpro/devkitarm/bin/../lib/gcc/arm-none-eabi/11.2.0/../../../../arm-none-eabi/lib/armv6k/fpu\libg.a(lib_a-mprec.o)
                0x0000000000118f48                __multiply
 .text.__pow5mult
                0x000000000011914c      0x120 c:/devkitpro/devkitarm/bin/../lib/gcc/arm-none-eabi/11.2.0/../../../../arm-none-eabi/lib/armv6k/fpu\libg.a(lib_a-mprec.o)
                0x000000000011914c                __pow5mult
 .text.__lshift
                0x000000000011926c      0x13c c:/devkitpro/devkitarm/bin/../lib/gcc/arm-none-eabi/11.2.0/../../../../arm-none-eabi/lib/armv6k/fpu\libg.a(lib_a-mprec.o)
                0x000000000011926c                __lshift
 .text.__mcmp   0x00000000001193a8       0x58 c:/devkitpro/devkitarm/bin/../lib/gcc/arm-none-eabi/11.2.0/../../../../arm-none-eabi/lib/armv6k/fpu\libg.a(lib_a-mprec.o)
                0x00000000001193a8                __mcmp
 .text.__mdiff  0x0000000000119400      0x1cc c:/devkitpro/devkitarm/bin/../lib/gcc/arm-none-eabi/11.2.0/../../../../arm-none-eabi/lib/armv6k/fpu\libg.a(lib_a-mprec.o)
                0x0000000000119400                __mdiff
 .text.__ulp    0x00000000001195cc       0x74 c:/devkitpro/devkitarm/bin/../lib/gcc/arm-none-eabi/11.2.0/../../../../arm-none-eabi/lib/armv6k/fpu\libg.a(lib_a-mprec.o)
                0x00000000001195cc                __ulp
 .text.__b2d    0x0000000000119640       0xd0 c:/devkitpro/devkitarm/bin/../lib/gcc/arm-none-eabi/11.2.0/../../../../arm-none-eabi/lib/armv6k/fpu\libg.a(lib_a-mprec.o)
                0x0000000000119640                __b2d
 .text.__d2b    0x0000000000119710      0x124 c:/devkitpro/devkitarm/bin/../lib/gcc/arm-none-eabi/11.2.0/../../../../arm-none-eabi/lib/armv6k/fpu\libg.a(lib_a-mprec.o)
                0x0000000000119710                __d2b
 .text.__ratio  0x0000000000119834       0x78 c:/devkitpro/devkitarm/bin/../lib/gcc/arm-none-eabi/11.2.0/../../../../arm-none-eabi/lib/armv6k/fpu\libg.a(lib_a-mprec.o)
                0x0000000000119834                __ratio
 .text.__copybits
                0x00000000001198ac       0x88 c:/devkitpro/devkitarm/bin/../lib/gcc/arm-none-eabi/11.2.0/../../../../arm-none-eabi/lib/armv6k/fpu\libg.a(lib_a-mprec.o)
                0x00000000001198ac                __copybits
 .text.__any_on
                0x0000000000119934       0x5c c:/devkitpro/devkitarm/bin/../lib/gcc/arm-none-eabi/11.2.0/../../../../arm-none-eabi/lib/armv6k/fpu\libg.a(lib_a-mprec.o)
                0x0000000000119934                __any_on
 .text.frexp    0x0000000000119990       0xa8 c:/devkitpro/devkitarm/bin/../lib/gcc/arm-none-eabi/11.2.0/../../../../arm-none-eabi/lib/armv6k/fpu\libg.a(lib_a-s_frexp.o)
                0x0000000000119990                frexp
 .text.nan      0x0000000000119a38       0x10 c:/devkitpro/devkitarm/bin/../lib/gcc/arm-none-eabi/11.2.0/../../../../arm-none-eabi/lib/armv6k/fpu\libg.a(lib_a-s_nan.o)
                0x0000000000119a38                nan
 .text.__ssprint_r
                0x0000000000119a48      0x190 c:/devkitpro/devkitarm/bin/../lib/gcc/arm-none-eabi/11.2.0/../../../../arm-none-eabi/lib/armv6k/fpu\libg.a(lib_a-svfiprintf.o)
                0x0000000000119a48                __ssprint_r
 .text._wcsnrtombs_l
                0x0000000000119bd8      0x190 c:/devkitpro/devkitarm/bin/../lib/gcc/arm-none-eabi/11.2.0/../../../../arm-none-eabi/lib/armv6k/fpu\libg.a(lib_a-wcsnrtombs.o)
                0x0000000000119bd8                _wcsnrtombs_l
 .text._wcsnrtombs_r
                0x0000000000119d68       0x4c c:/devkitpro/devkitarm/bin/../lib/gcc/arm-none-eabi/11.2.0/../../../../arm-none-eabi/lib/armv6k/fpu\libg.a(lib_a-wcsnrtombs.o)
                0x0000000000119d68                _wcsnrtombs_r
 .text.__assert_func
                0x0000000000119db4       0x54 c:/devkitpro/devkitarm/bin/../lib/gcc/arm-none-eabi/11.2.0/../../../../arm-none-eabi/lib/armv6k/fpu\libg.a(lib_a-assert.o)
                0x0000000000119db4                __assert_func
 .text._calloc_r
                0x0000000000119e08       0xbc c:/devkitpro/devkitarm/bin/../lib/gcc/arm-none-eabi/11.2.0/../../../../arm-none-eabi/lib/armv6k/fpu\libg.a(lib_a-callocr.o)
                0x0000000000119e08                _calloc_r
 .text.category
                0x0000000000119ec4       0x84 c:/devkitpro/devkitarm/bin/../lib/gcc/arm-none-eabi/11.2.0/../../../../arm-none-eabi/lib/armv6k/fpu\libg.a(lib_a-categories.o)
                0x0000000000119ec4                category
 .text.fiprintf
                0x0000000000119f48       0x3c c:/devkitpro/devkitarm/bin/../lib/gcc/arm-none-eabi/11.2.0/../../../../arm-none-eabi/lib/armv6k/fpu\libg.a(lib_a-fiprintf.o)
                0x0000000000119f48                fiprintf
 .text.get_arg  0x0000000000119f84      0x628 c:/devkitpro/devkitarm/bin/../lib/gcc/arm-none-eabi/11.2.0/../../../../arm-none-eabi/lib/armv6k/fpu\libg.a(lib_a-vfiprintf.o)
 .text.__sprint_r
                0x000000000011a5ac       0x30 c:/devkitpro/devkitarm/bin/../lib/gcc/arm-none-eabi/11.2.0/../../../../arm-none-eabi/lib/armv6k/fpu\libg.a(lib_a-vfiprintf.o)
                0x000000000011a5ac                __sprint_r
 .text._vfiprintf_r
                0x000000000011a5dc     0x233c c:/devkitpro/devkitarm/bin/../lib/gcc/arm-none-eabi/11.2.0/../../../../arm-none-eabi/lib/armv6k/fpu\libg.a(lib_a-vfiprintf.o)
                0x000000000011a5dc                _vfiprintf_r
 .text.__sbprintf
                0x000000000011c918       0xd4 c:/devkitpro/devkitarm/bin/../lib/gcc/arm-none-eabi/11.2.0/../../../../arm-none-eabi/lib/armv6k/fpu\libg.a(lib_a-vfiprintf.o)
 .text.abort    0x000000000011c9ec       0x14 c:/devkitpro/devkitarm/bin/../lib/gcc/arm-none-eabi/11.2.0/../../../../arm-none-eabi/lib/armv6k/fpu\libg.a(lib_a-abort.o)
                0x000000000011c9ec                abort
 .text._raise_r
                0x000000000011ca00       0x98 c:/devkitpro/devkitarm/bin/../lib/gcc/arm-none-eabi/11.2.0/../../../../arm-none-eabi/lib/armv6k/fpu\libg.a(lib_a-signal.o)
                0x000000000011ca00                _raise_r
 .text.raise    0x000000000011ca98       0x20 c:/devkitpro/devkitarm/bin/../lib/gcc/arm-none-eabi/11.2.0/../../../../arm-none-eabi/lib/armv6k/fpu\libg.a(lib_a-signal.o)
                0x000000000011ca98                raise
 .text.null_write
                0x000000000011cab8        0x8 c:/devkitpro/devkitarm/bin/../lib/gcc/arm-none-eabi/11.2.0/../../../../arm-none-eabi/lib/armv6k/fpu\libsysbase.a(iosupport.o)
 .text.setDefaultDevice
                0x000000000011cac0       0x18 c:/devkitpro/devkitarm/bin/../lib/gcc/arm-none-eabi/11.2.0/../../../../arm-none-eabi/lib/armv6k/fpu\libsysbase.a(iosupport.o)
                0x000000000011cac0                setDefaultDevice
 .text.FindDevice
                0x000000000011cad8       0xc8 c:/devkitpro/devkitarm/bin/../lib/gcc/arm-none-eabi/11.2.0/../../../../arm-none-eabi/lib/armv6k/fpu\libsysbase.a(iosupport.o)
                0x000000000011cad8                FindDevice
 .text.RemoveDevice
                0x000000000011cba0       0x28 c:/devkitpro/devkitarm/bin/../lib/gcc/arm-none-eabi/11.2.0/../../../../arm-none-eabi/lib/armv6k/fpu\libsysbase.a(iosupport.o)
                0x000000000011cba0                RemoveDevice
 .text.AddDevice
                0x000000000011cbc8       0x9c c:/devkitpro/devkitarm/bin/../lib/gcc/arm-none-eabi/11.2.0/../../../../arm-none-eabi/lib/armv6k/fpu\libsysbase.a(iosupport.o)
                0x000000000011cbc8                AddDevice
 .text.GetDeviceOpTab
                0x000000000011cc64       0x20 c:/devkitpro/devkitarm/bin/../lib/gcc/arm-none-eabi/11.2.0/../../../../arm-none-eabi/lib/armv6k/fpu\libsysbase.a(iosupport.o)
                0x000000000011cc64                GetDeviceOpTab
 .text._fstat_r
                0x000000000011cc84       0x78 c:/devkitpro/devkitarm/bin/../lib/gcc/arm-none-eabi/11.2.0/../../../../arm-none-eabi/lib/armv6k/fpu\libsysbase.a(fstat.o)
                0x000000000011cc84                _fstat_r
 .text._getpid_r
                0x000000000011ccfc       0x14 c:/devkitpro/devkitarm/bin/../lib/gcc/arm-none-eabi/11.2.0/../../../../arm-none-eabi/lib/armv6k/fpu\libsysbase.a(getpid.o)
                0x000000000011ccfc                _getpid_r
 .text._isatty_r
                0x000000000011cd10        0x8 c:/devkitpro/devkitarm/bin/../lib/gcc/arm-none-eabi/11.2.0/../../../../arm-none-eabi/lib/armv6k/fpu\libsysbase.a(isatty.o)
                0x000000000011cd10                _isatty_r
 .text._kill_r  0x000000000011cd18       0x14 c:/devkitpro/devkitarm/bin/../lib/gcc/arm-none-eabi/11.2.0/../../../../arm-none-eabi/lib/armv6k/fpu\libsysbase.a(kill.o)
                0x000000000011cd18                _kill_r
 .text._lseek_r
                0x000000000011cd2c       0x84 c:/devkitpro/devkitarm/bin/../lib/gcc/arm-none-eabi/11.2.0/../../../../arm-none-eabi/lib/armv6k/fpu\libsysbase.a(lseek.o)
                0x000000000011cd2c                _lseek_r
 .text._read_r  0x000000000011cdb0       0x80 c:/devkitpro/devkitarm/bin/../lib/gcc/arm-none-eabi/11.2.0/../../../../arm-none-eabi/lib/armv6k/fpu\libsysbase.a(read.o)
                0x000000000011cdb0                _read_r
 .text._sbrk_r  0x000000000011ce30       0x78 c:/devkitpro/devkitarm/bin/../lib/gcc/arm-none-eabi/11.2.0/../../../../arm-none-eabi/lib/armv6k/fpu\libsysbase.a(sbrk.o)
                0x000000000011ce30                _sbrk_r
 .text._write_r
                0x000000000011cea8       0x80 c:/devkitpro/devkitarm/bin/../lib/gcc/arm-none-eabi/11.2.0/../../../../arm-none-eabi/lib/armv6k/fpu\libsysbase.a(write.o)
                0x000000000011cea8                _write_r
 .text._exit    0x000000000011cf28       0x20 c:/devkitpro/devkitarm/bin/../lib/gcc/arm-none-eabi/11.2.0/../../../../arm-none-eabi/lib/armv6k/fpu\libsysbase.a(_exit.o)
                0x000000000011cf28                _exit
 .text._concatenate_path
                0x000000000011cf48      0x1b8 c:/devkitpro/devkitarm/bin/../lib/gcc/arm-none-eabi/11.2.0/../../../../arm-none-eabi/lib/armv6k/fpu\libsysbase.a(chdir.o)
                0x000000000011cf48                _concatenate_path
 .text.chdir    0x000000000011d100      0x160 c:/devkitpro/devkitarm/bin/../lib/gcc/arm-none-eabi/11.2.0/../../../../arm-none-eabi/lib/armv6k/fpu\libsysbase.a(chdir.o)
                0x000000000011d100                chdir
 .text.__flockfile
                0x000000000011d260        0x8 c:/devkitpro/devkitarm/bin/../lib/gcc/arm-none-eabi/11.2.0/../../../../arm-none-eabi/lib/armv6k/fpu\libsysbase.a(flock.o)
                0x000000000011d260                __flockfile
 .text.__funlockfile
                0x000000000011d268        0x8 c:/devkitpro/devkitarm/bin/../lib/gcc/arm-none-eabi/11.2.0/../../../../arm-none-eabi/lib/armv6k/fpu\libsysbase.a(flock.o)
                0x000000000011d268                __funlockfile
 .text.__get_handle
                0x000000000011d270       0x3c c:/devkitpro/devkitarm/bin/../lib/gcc/arm-none-eabi/11.2.0/../../../../arm-none-eabi/lib/armv6k/fpu\libsysbase.a(handle_manager.o)
                0x000000000011d270                __get_handle
 .text._close_r
                0x000000000011d2ac       0xf4 c:/devkitpro/devkitarm/bin/../lib/gcc/arm-none-eabi/11.2.0/../../../../arm-none-eabi/lib/armv6k/fpu\libsysbase.a(handle_manager.o)
                0x000000000011d2ac                _close_r
 .text.__getreent
                0x000000000011d3a0       0x2c c:/devkitpro/devkitarm/bin/../lib/gcc/arm-none-eabi/11.2.0/../../../../arm-none-eabi/lib/armv6k/fpu\libsysbase.a(getreent.o)
                0x000000000011d3a0                __getreent
 .text.__libc_lock_acquire
                0x000000000011d3cc       0x1c c:/devkitpro/devkitarm/bin/../lib/gcc/arm-none-eabi/11.2.0/../../../../arm-none-eabi/lib/armv6k/fpu\libsysbase.a(syscall_support.o)
                0x000000000011d3cc                __libc_lock_acquire
 .text.__libc_lock_release
                0x000000000011d3e8       0x1c c:/devkitpro/devkitarm/bin/../lib/gcc/arm-none-eabi/11.2.0/../../../../arm-none-eabi/lib/armv6k/fpu\libsysbase.a(syscall_support.o)
                0x000000000011d3e8                __libc_lock_release
 .text.__libc_lock_init_recursive
                0x000000000011d404       0x1c c:/devkitpro/devkitarm/bin/../lib/gcc/arm-none-eabi/11.2.0/../../../../arm-none-eabi/lib/armv6k/fpu\libsysbase.a(syscall_support.o)
                0x000000000011d404                __libc_lock_init_recursive
 .text.__libc_lock_acquire_recursive
                0x000000000011d420       0x1c c:/devkitpro/devkitarm/bin/../lib/gcc/arm-none-eabi/11.2.0/../../../../arm-none-eabi/lib/armv6k/fpu\libsysbase.a(syscall_support.o)
                0x000000000011d420                __libc_lock_acquire_recursive
 .text.__libc_lock_release_recursive
                0x000000000011d43c       0x1c c:/devkitpro/devkitarm/bin/../lib/gcc/arm-none-eabi/11.2.0/../../../../arm-none-eabi/lib/armv6k/fpu\libsysbase.a(syscall_support.o)
                0x000000000011d43c                __libc_lock_release_recursive
 .text.__libc_lock_close_recursive
                0x000000000011d458       0x1c c:/devkitpro/devkitarm/bin/../lib/gcc/arm-none-eabi/11.2.0/../../../../arm-none-eabi/lib/armv6k/fpu\libsysbase.a(syscall_support.o)
                0x000000000011d458                __libc_lock_close_recursive
 .text.__fixdfdi
                0x000000000011d474       0x38 c:/devkitpro/devkitarm/bin/../lib/gcc/arm-none-eabi/11.2.0/armv6k/fpu\libgcc.a(_fixdfdi.o)
                0x000000000011d474                __fixdfdi
                0x000000000011d474                __aeabi_d2lz
 *fill*         0x000000000011d4ac        0x4 
 .text.__fixunsdfdi
                0x000000000011d4b0       0x40 c:/devkitpro/devkitarm/bin/../lib/gcc/arm-none-eabi/11.2.0/armv6k/fpu\libgcc.a(_fixunsdfdi.o)
                0x000000000011d4b0                __fixunsdfdi
                0x000000000011d4b0                __aeabi_d2ulz
 .text.strrchr  0x000000000011d4f0       0x44 c:/devkitpro/devkitarm/bin/../lib/gcc/arm-none-eabi/11.2.0/../../../../arm-none-eabi/lib/armv6k/fpu\libg.a(lib_a-strrchr.o)
                0x000000000011d4f0                strrchr
 *(.glue_7)
 .glue_7        0x000000000011d534        0x0 linker stubs
 *(.glue_7t)
 .glue_7t       0x000000000011d534        0x0 linker stubs
 *(.stub)
 *(.gnu.warning)
 *(.gnu.linkonce.t*)
                0x000000000011d534                . = ALIGN (0x4)
 *(.fini)
 .fini          0x000000000011d534        0xc c:/devkitpro/devkitarm/bin/../lib/gcc/arm-none-eabi/11.2.0/armv6k/fpu/crti.o
                0x000000000011d534                _fini
 .fini          0x000000000011d540        0xc c:/devkitpro/devkitarm/bin/../lib/gcc/arm-none-eabi/11.2.0/armv6k/fpu/crtn.o
                0x000000000011d54c                . = ALIGN (0x4)

.vfp11_veneer   0x000000000011d54c        0x0
 .vfp11_veneer  0x000000000011d54c        0x0 linker stubs

.v4_bx          0x000000000011d54c        0x0
 .v4_bx         0x000000000011d54c        0x0 linker stubs

.iplt           0x000000000011d54c        0x0
 .iplt          0x000000000011d54c        0x0 c:/devkitpro/devkitarm/bin/../lib/gcc/arm-none-eabi/11.2.0/../../../../arm-none-eabi/lib/armv6k/fpu/3dsx_crt0.o
                0x000000000011e000                . = ALIGN (0x1000)

.rodata         0x000000000011e000     0x7944
 *(.rodata)
 .rodata        0x000000000011e000        0x3 C:/devkitPro/libctru/lib\libctru.a(apt.o)
 *fill*         0x000000000011e003        0x1 
 .rodata        0x000000000011e004        0xc C:/devkitPro/libctru/lib\libctru.a(archive_dev.o)
 *(.roda)
 *(.rodata.*)
 .rodata.str1.4
                0x000000000011e010        0xe main.o
 *fill*         0x000000000011e01e        0x2 
 .rodata.parseColor.str1.4
                0x000000000011e020       0x1b C:/devkitPro/libctru/lib\libctru.a(console.o)
 *fill*         0x000000000011e03b        0x1 
 .rodata.con_write.str1.4
                0x000000000011e03c       0x4a C:/devkitPro/libctru/lib\libctru.a(console.o)
 *fill*         0x000000000011e086        0x2 
 .rodata.str1.4
                0x000000000011e088       0x10 C:/devkitPro/libctru/lib\libctru.a(console.o)
 .rodata.colorCube
                0x000000000011e098        0x6 C:/devkitPro/libctru/lib\libctru.a(console.o)
 *fill*         0x000000000011e09e        0x2 
 .rodata.colorTable
                0x000000000011e0a0       0x30 C:/devkitPro/libctru/lib\libctru.a(console.o)
 .rodata.dotab_stdout
                0x000000000011e0d0       0x70 C:/devkitPro/libctru/lib\libctru.a(console.o)
 .rodata.grayScale
                0x000000000011e140       0x18 C:/devkitPro/libctru/lib\libctru.a(console.o)
 .rodata.gspInit.str1.4
                0x000000000011e158        0x9 C:/devkitPro/libctru/lib\libctru.a(gspgpu.o)
 *fill*         0x000000000011e161        0x3 
 .rodata.aptSendCommand.str1.4
                0x000000000011e164       0x16 C:/devkitPro/libctru/lib\libctru.a(apt.o)
 *fill*         0x000000000011e17a        0x2 
 .rodata.morton_x.3
                0x000000000011e17c        0x8 C:/devkitPro/libctru/lib\libctru.a(apt.o)
 .rodata.morton_y.2
                0x000000000011e184        0x8 C:/devkitPro/libctru/lib\libctru.a(apt.o)
 .rodata.s_sleepWakeEvents.4
                0x000000000011e18c        0x8 C:/devkitPro/libctru/lib\libctru.a(apt.o)
 .rodata.hidInit.str1.4
                0x000000000011e194       0x15 C:/devkitPro/libctru/lib\libctru.a(hid.o)
 *fill*         0x000000000011e1a9        0x3 
 .rodata.__system_initArgv.str1.4
                0x000000000011e1ac        0xa C:/devkitPro/libctru/lib\libctru.a(initArgv.o)
 *fill*         0x000000000011e1b6        0x2 
 .rodata.default_font_bin
                0x000000000011e1b8      0x800 C:/devkitPro/libctru/lib\libctru.a(default_font.bin.o)
                0x000000000011e1b8                default_font_bin
                0x000000000011e9b8                default_font_bin_end
 .rodata.srvInit.str1.4
                0x000000000011e9b8        0x5 C:/devkitPro/libctru/lib\libctru.a(srv.o)
 *fill*         0x000000000011e9bd        0x3 
 .rodata.irrstInit.str1.4
                0x000000000011e9c0        0x7 C:/devkitPro/libctru/lib\libctru.a(irrst.o)
 *fill*         0x000000000011e9c7        0x1 
 .rodata.ptmSysmInit.str1.4
                0x000000000011e9c8        0x9 C:/devkitPro/libctru/lib\libctru.a(ptmsysm.o)
 *fill*         0x000000000011e9d1        0x3 
 .rodata._archiveUnmountDeviceStruct.part.0.str1.4
                0x000000000011e9d4        0x2 C:/devkitPro/libctru/lib\libctru.a(archive_dev.o)
 *fill*         0x000000000011e9d6        0x2 
 .rodata._archiveMountDevice.str1.4
                0x000000000011e9d8        0x8 C:/devkitPro/libctru/lib\libctru.a(archive_dev.o)
                                          0xc (size before relaxing)
 .rodata.archiveMountSdmc.str1.4
                0x000000000011e9e0        0x5 C:/devkitPro/libctru/lib\libctru.a(archive_dev.o)
 *fill*         0x000000000011e9e5        0x3 
 .rodata.str1.4
                0x000000000011e9e8        0x8 C:/devkitPro/libctru/lib\libctru.a(archive_dev.o)
 .rodata.archive_devoptab
                0x000000000011e9f0       0x70 C:/devkitPro/libctru/lib\libctru.a(archive_dev.o)
 .rodata.error_table
                0x000000000011ea60       0x30 C:/devkitPro/libctru/lib\libctru.a(archive_dev.o)
 .rodata.fsInit.str1.4
                0x000000000011ea90        0x8 C:/devkitPro/libctru/lib\libctru.a(fs.o)
 .rodata._global_impure_ptr
                0x000000000011ea98        0x4 c:/devkitpro/devkitarm/bin/../lib/gcc/arm-none-eabi/11.2.0/../../../../arm-none-eabi/lib/armv6k/fpu\libg.a(lib_a-impure.o)
                0x000000000011ea98                _global_impure_ptr
 .rodata._puts_r.str1.4
                0x000000000011ea9c        0x2 c:/devkitpro/devkitarm/bin/../lib/gcc/arm-none-eabi/11.2.0/../../../../arm-none-eabi/lib/armv6k/fpu\libg.a(lib_a-puts.o)
 .rodata.__ssvfscanf_r.str1.1
                0x000000000011ea9e        0x5 c:/devkitpro/devkitarm/bin/../lib/gcc/arm-none-eabi/11.2.0/../../../../arm-none-eabi/lib/armv6k/fpu\libg.a(lib_a-svfscanf.o)
                                          0x6 (size before relaxing)
 *fill*         0x000000000011eaa3        0x1 
 .rodata.basefix.0
                0x000000000011eaa4       0x22 c:/devkitpro/devkitarm/bin/../lib/gcc/arm-none-eabi/11.2.0/../../../../arm-none-eabi/lib/armv6k/fpu\libg.a(lib_a-svfscanf.o)
 *fill*         0x000000000011eac6        0x2 
 .rodata._ctype_
                0x000000000011eac8      0x101 c:/devkitpro/devkitarm/bin/../lib/gcc/arm-none-eabi/11.2.0/../../../../arm-none-eabi/lib/armv6k/fpu\libg.a(lib_a-ctype_.o)
                0x000000000011eac8                _ctype_
 *fill*         0x000000000011ebc9        0x3 
 .rodata.str1.4
                0x000000000011ebcc       0x48 c:/devkitpro/devkitarm/bin/../lib/gcc/arm-none-eabi/11.2.0/../../../../arm-none-eabi/lib/armv6k/fpu\libg.a(lib_a-locale.o)
                                         0x4c (size before relaxing)
 .rodata._mbrtowc_r.str1.4
                0x000000000011ec14        0x1 c:/devkitpro/devkitarm/bin/../lib/gcc/arm-none-eabi/11.2.0/../../../../arm-none-eabi/lib/armv6k/fpu\libg.a(lib_a-mbrtowc.o)
 .rodata._strtod_l.str1.4
                0x000000000011ec14        0xf c:/devkitpro/devkitarm/bin/../lib/gcc/arm-none-eabi/11.2.0/../../../../arm-none-eabi/lib/armv6k/fpu\libg.a(lib_a-strtod.o)
                                         0x11 (size before relaxing)
 *fill*         0x000000000011ec23        0x1 
 .rodata.fpi.1  0x000000000011ec24       0x14 c:/devkitpro/devkitarm/bin/../lib/gcc/arm-none-eabi/11.2.0/../../../../arm-none-eabi/lib/armv6k/fpu\libg.a(lib_a-strtod.o)
 .rodata.fpinan.0
                0x000000000011ec38       0x14 c:/devkitpro/devkitarm/bin/../lib/gcc/arm-none-eabi/11.2.0/../../../../arm-none-eabi/lib/armv6k/fpu\libg.a(lib_a-strtod.o)
 *fill*         0x000000000011ec4c        0x4 
 .rodata.tinytens
                0x000000000011ec50       0x28 c:/devkitpro/devkitarm/bin/../lib/gcc/arm-none-eabi/11.2.0/../../../../arm-none-eabi/lib/armv6k/fpu\libg.a(lib_a-strtod.o)
 .rodata._svfprintf_r.str1.1
                0x000000000011ec78       0x3b c:/devkitpro/devkitarm/bin/../lib/gcc/arm-none-eabi/11.2.0/../../../../arm-none-eabi/lib/armv6k/fpu\libg.a(lib_a-svfprintf.o)
 *fill*         0x000000000011ecb3        0x1 
 .rodata.blanks.1
                0x000000000011ecb4       0x10 c:/devkitpro/devkitarm/bin/../lib/gcc/arm-none-eabi/11.2.0/../../../../arm-none-eabi/lib/armv6k/fpu\libg.a(lib_a-svfprintf.o)
 .rodata.zeroes.0
                0x000000000011ecc4       0x10 c:/devkitpro/devkitarm/bin/../lib/gcc/arm-none-eabi/11.2.0/../../../../arm-none-eabi/lib/armv6k/fpu\libg.a(lib_a-svfprintf.o)
 .rodata._dtoa_r.str1.4
                0x000000000011ecd4       0x67 c:/devkitpro/devkitarm/bin/../lib/gcc/arm-none-eabi/11.2.0/../../../../arm-none-eabi/lib/armv6k/fpu\libg.a(lib_a-dtoa.o)
 *fill*         0x000000000011ed3b        0x1 
 .rodata.__gethex.str1.4
                0x000000000011ed3c       0x47 c:/devkitpro/devkitarm/bin/../lib/gcc/arm-none-eabi/11.2.0/../../../../arm-none-eabi/lib/armv6k/fpu\libg.a(lib_a-gdtoa-gethex.o)
                                         0x5b (size before relaxing)
 *fill*         0x000000000011ed83        0x1 
 .rodata.__hexdig
                0x000000000011ed84      0x100 c:/devkitpro/devkitarm/bin/../lib/gcc/arm-none-eabi/11.2.0/../../../../arm-none-eabi/lib/armv6k/fpu\libg.a(lib_a-gdtoa-gethex.o)
                0x000000000011ed84                __hexdig
 .rodata._jp2uc_l.str1.4
                0x000000000011ee84       0x12 c:/devkitpro/devkitarm/bin/../lib/gcc/arm-none-eabi/11.2.0/../../../../arm-none-eabi/lib/armv6k/fpu\libg.a(lib_a-jp2uc.o)
 *fill*         0x000000000011ee96        0x2 
 .rodata.a1     0x000000000011ee98       0xbc c:/devkitpro/devkitarm/bin/../lib/gcc/arm-none-eabi/11.2.0/../../../../arm-none-eabi/lib/armv6k/fpu\libg.a(lib_a-jp2uc.o)
 .rodata.a2     0x000000000011ef54       0xbc c:/devkitpro/devkitarm/bin/../lib/gcc/arm-none-eabi/11.2.0/../../../../arm-none-eabi/lib/armv6k/fpu\libg.a(lib_a-jp2uc.o)
 .rodata.a3     0x000000000011f010       0x5b c:/devkitpro/devkitarm/bin/../lib/gcc/arm-none-eabi/11.2.0/../../../../arm-none-eabi/lib/armv6k/fpu\libg.a(lib_a-jp2uc.o)
 *fill*         0x000000000011f06b        0x1 
 .rodata.a6     0x000000000011f06c       0x70 c:/devkitpro/devkitarm/bin/../lib/gcc/arm-none-eabi/11.2.0/../../../../arm-none-eabi/lib/armv6k/fpu\libg.a(lib_a-jp2uc.o)
 .rodata.a7     0x000000000011f0dc       0xa2 c:/devkitpro/devkitarm/bin/../lib/gcc/arm-none-eabi/11.2.0/../../../../arm-none-eabi/lib/armv6k/fpu\libg.a(lib_a-jp2uc.o)
 *fill*         0x000000000011f17e        0x2 
 .rodata.a8     0x000000000011f180       0x40 c:/devkitpro/devkitarm/bin/../lib/gcc/arm-none-eabi/11.2.0/../../../../arm-none-eabi/lib/armv6k/fpu\libg.a(lib_a-jp2uc.o)
 .rodata.b02cf  0x000000000011f1c0     0x172a c:/devkitpro/devkitarm/bin/../lib/gcc/arm-none-eabi/11.2.0/../../../../arm-none-eabi/lib/armv6k/fpu\libg.a(lib_a-jp2uc.o)
 *fill*         0x00000000001208ea        0x2 
 .rodata.d02f4  0x00000000001208ec     0x1a7c c:/devkitpro/devkitarm/bin/../lib/gcc/arm-none-eabi/11.2.0/../../../../arm-none-eabi/lib/armv6k/fpu\libg.a(lib_a-jp2uc.o)
 .rodata.str1.4
                0x0000000000122368        0x5 c:/devkitpro/devkitarm/bin/../lib/gcc/arm-none-eabi/11.2.0/../../../../arm-none-eabi/lib/armv6k/fpu\libg.a(lib_a-lnumeric.o)
 .rodata._C_numeric_locale
                0x0000000000122368        0xc c:/devkitpro/devkitarm/bin/../lib/gcc/arm-none-eabi/11.2.0/../../../../arm-none-eabi/lib/armv6k/fpu\libg.a(lib_a-lnumeric.o)
                0x0000000000122368                _C_numeric_locale
 .rodata.__multadd.str1.4
                0x0000000000122374       0x40 c:/devkitpro/devkitarm/bin/../lib/gcc/arm-none-eabi/11.2.0/../../../../arm-none-eabi/lib/armv6k/fpu\libg.a(lib_a-mprec.o)
                                         0x54 (size before relaxing)
 *fill*         0x00000000001223b4        0x4 
 .rodata.__mprec_bigtens
                0x00000000001223b8       0x28 c:/devkitpro/devkitarm/bin/../lib/gcc/arm-none-eabi/11.2.0/../../../../arm-none-eabi/lib/armv6k/fpu\libg.a(lib_a-mprec.o)
                0x00000000001223b8                __mprec_bigtens
 .rodata.__mprec_tens
                0x00000000001223e0       0xc8 c:/devkitpro/devkitarm/bin/../lib/gcc/arm-none-eabi/11.2.0/../../../../arm-none-eabi/lib/armv6k/fpu\libg.a(lib_a-mprec.o)
                0x00000000001223e0                __mprec_tens
 .rodata.p05.0  0x00000000001224a8        0xc c:/devkitpro/devkitarm/bin/../lib/gcc/arm-none-eabi/11.2.0/../../../../arm-none-eabi/lib/armv6k/fpu\libg.a(lib_a-mprec.o)
 .rodata.__action_table
                0x00000000001224b4       0x6c c:/devkitpro/devkitarm/bin/../lib/gcc/arm-none-eabi/11.2.0/../../../../arm-none-eabi/lib/armv6k/fpu\libg.a(lib_a-svfiprintf.o)
                0x00000000001224b4                __action_table
 .rodata.__chclass
                0x0000000000122520      0x100 c:/devkitpro/devkitarm/bin/../lib/gcc/arm-none-eabi/11.2.0/../../../../arm-none-eabi/lib/armv6k/fpu\libg.a(lib_a-svfiprintf.o)
                0x0000000000122520                __chclass
 .rodata.__state_table
                0x0000000000122620       0x6c c:/devkitpro/devkitarm/bin/../lib/gcc/arm-none-eabi/11.2.0/../../../../arm-none-eabi/lib/armv6k/fpu\libg.a(lib_a-svfiprintf.o)
                0x0000000000122620                __state_table
 .rodata.__assert_func.str1.4
                0x000000000012268c       0x3f c:/devkitpro/devkitarm/bin/../lib/gcc/arm-none-eabi/11.2.0/../../../../arm-none-eabi/lib/armv6k/fpu\libg.a(lib_a-assert.o)
                                         0x43 (size before relaxing)
 *fill*         0x00000000001226cb        0x1 
 .rodata.categories
                0x00000000001226cc     0x31e6 c:/devkitpro/devkitarm/bin/../lib/gcc/arm-none-eabi/11.2.0/../../../../arm-none-eabi/lib/armv6k/fpu\libg.a(lib_a-categories.o)
 .rodata._vfiprintf_r.str1.1
                0x00000000001258b2       0x29 c:/devkitpro/devkitarm/bin/../lib/gcc/arm-none-eabi/11.2.0/../../../../arm-none-eabi/lib/armv6k/fpu\libg.a(lib_a-vfiprintf.o)
 *fill*         0x00000000001258b2        0x2 
 .rodata.blanks.1
                0x00000000001258b4       0x10 c:/devkitpro/devkitarm/bin/../lib/gcc/arm-none-eabi/11.2.0/../../../../arm-none-eabi/lib/armv6k/fpu\libg.a(lib_a-vfiprintf.o)
 .rodata.zeroes.0
                0x00000000001258c4       0x10 c:/devkitpro/devkitarm/bin/../lib/gcc/arm-none-eabi/11.2.0/../../../../arm-none-eabi/lib/armv6k/fpu\libg.a(lib_a-vfiprintf.o)
 .rodata.AddDevice.str1.4
                0x00000000001258d4        0x8 c:/devkitpro/devkitarm/bin/../lib/gcc/arm-none-eabi/11.2.0/../../../../arm-none-eabi/lib/armv6k/fpu\libsysbase.a(iosupport.o)
 .rodata.dotab_stdnull
                0x00000000001258d4       0x70 c:/devkitpro/devkitarm/bin/../lib/gcc/arm-none-eabi/11.2.0/../../../../arm-none-eabi/lib/armv6k/fpu\libsysbase.a(iosupport.o)
                0x00000000001258d4                dotab_stdnull
 *all.rodata*(*)
 *(.gnu.linkonce.r*)
                0x0000000000125944                . = ALIGN (0x4)

.eh_frame       0x0000000000125944        0x0
 .eh_frame      0x0000000000125944        0x0 c:/devkitpro/devkitarm/bin/../lib/gcc/arm-none-eabi/11.2.0/armv6k/fpu/crtbegin.o

.rel.dyn        0x0000000000125944        0x0
 .rel.iplt      0x0000000000125944        0x0 c:/devkitpro/devkitarm/bin/../lib/gcc/arm-none-eabi/11.2.0/../../../../arm-none-eabi/lib/armv6k/fpu/3dsx_crt0.o
 .rel.got       0x0000000000125944        0x0 c:/devkitpro/devkitarm/bin/../lib/gcc/arm-none-eabi/11.2.0/../../../../arm-none-eabi/lib/armv6k/fpu/3dsx_crt0.o

.ARM.extab
 *(.ARM.extab* .gnu.linkonce.armextab.*)
                0x0000000000125944                __exidx_start = .

ARM.exidx
 *(.ARM.exidx* .gnu.linkonce.armexidx.*)
                0x0000000000125944                __exidx_end = .
                0x0000000000126000                . = ALIGN (0x1000)

.data           0x0000000000126000     0x1efc
 *(.data)
 *(.data.*)
 .data.currentConsole
                0x0000000000126000        0x4 C:/devkitPro/libctru/lib\libctru.a(console.o)
                0x0000000000126000                currentConsole
 .data.defaultConsole
                0x0000000000126004       0x48 C:/devkitPro/libctru/lib\libctru.a(console.o)
                0x0000000000126004                defaultConsole
 .data.firstConsoleInit.0
                0x000000000012604c        0x1 C:/devkitPro/libctru/lib\libctru.a(console.o)
 *fill*         0x000000000012604d        0x3 
 .data.kCount   0x0000000000126050        0x4 C:/devkitPro/libctru/lib\libctru.a(hid.o)
 .data.kDelay   0x0000000000126054        0x4 C:/devkitPro/libctru/lib\libctru.a(hid.o)
 .data.kInterval
                0x0000000000126058        0x4 C:/devkitPro/libctru/lib\libctru.a(hid.o)
 .data.__stacksize__
                0x000000000012605c        0x4 C:/devkitPro/libctru/lib\libctru.a(stack_adjust.o)